#
# There is insufficient memory for the Java Runtime Environment to continue.
# Native memory allocation (malloc) failed to allocate 1723584 bytes. Error detail: Chunk::new
# Possible reasons:
#   The system is out of physical RAM or swap space
#   This process is running with CompressedOops enabled, and the Java Heap may be blocking the growth of the native heap
# Possible solutions:
#   Reduce memory load on the system
#   Increase physical memory or swap space
#   Check if swap backing store is full
#   Decrease Java heap size (-Xmx/-Xms)
#   Decrease number of Java threads
#   Decrease Java thread stack sizes (-Xss)
#   Set larger code cache with -XX:ReservedCodeCacheSize=
#   JVM is running with Zero Based Compressed Oops mode in which the Java heap is
#     placed in the first 32GB address space. The Java Heap base address is the
#     maximum limit for the native heap growth. Please use -XX:HeapBaseMinAddress
#     to set the Java Heap base and to place the Java Heap above 32GB virtual address.
# This output file may be truncated or incomplete.
#
#  Out of Memory Error (arena.cpp:168), pid=12188, tid=13544
#
# JRE version: OpenJDK Runtime Environment Temurin-21.0.10+7 (21.0.10+7) (build 21.0.10+7-LTS)
# Java VM: OpenJDK 64-Bit Server VM Temurin-21.0.10+7 (21.0.10+7-LTS, mixed mode, sharing, tiered, compressed oops, compressed class ptrs, g1 gc, windows-amd64)
# No core dump will be written. Minidumps are not enabled by default on client versions of Windows
#

---------------  S U M M A R Y ------------

Command Line: --add-opens=java.base/java.lang=ALL-UNNAMED --add-opens=java.base/java.lang.invoke=ALL-UNNAMED --add-opens=java.base/java.util=ALL-UNNAMED --add-opens=java.prefs/java.util.prefs=ALL-UNNAMED --add-exports=jdk.compiler/com.sun.tools.javac.api=ALL-UNNAMED --add-exports=jdk.compiler/com.sun.tools.javac.util=ALL-UNNAMED --add-opens=java.base/java.util=ALL-UNNAMED --add-opens=java.prefs/java.util.prefs=ALL-UNNAMED --add-opens=java.base/java.nio.charset=ALL-UNNAMED --add-opens=java.base/java.net=ALL-UNNAMED --add-opens=java.base/java.util.concurrent.atomic=ALL-UNNAMED --add-opens=java.xml/javax.xml.namespace=ALL-UNNAMED -XX:MaxMetaspaceSize=4G -XX:ReservedCodeCacheSize=512m -XX:+HeapDumpOnOutOfMemoryError -Xmx8G -Dfile.encoding=UTF-8 -Duser.country=US -Duser.language=en -Duser.variant -javaagent:C:\Users\offic\.gradle\wrapper\dists\gradle-8.14-all\c2qonpi39x1mddn7hk5gh9iqj\gradle-8.14\lib\agents\gradle-instrumentation-agent-8.14.jar org.gradle.launcher.daemon.bootstrap.GradleDaemon 8.14

Host: AMD Ryzen 5 5600H with Radeon Graphics         , 12 cores, 15G,  Windows 11 , 64 bit Build 26100 (10.0.26100.8521)
Time: Tue Jun 16 20:08:31 2026 SE Asia Standard Time elapsed time: 36.553407 seconds (0d 0h 0m 36s)

---------------  T H R E A D  ---------------

Current thread (0x000001d87f002090):  JavaThread "C2 CompilerThread0" daemon [_thread_in_native, id=13544, stack(0x00000078c2d00000,0x00000078c2e00000) (1024K)]


Current CompileTask:
C2:36553 13381   !   4       org.gradle.internal.operations.DefaultBuildOperationRunner$2::execute (110 bytes)

Stack: [0x00000078c2d00000,0x00000078c2e00000]
Native frames: (J=compiled Java code, j=interpreted, Vv=VM code, C=native code)
V  [jvm.dll+0x6d7a39]
V  [jvm.dll+0x8b4b26]
V  [jvm.dll+0x8b70de]
V  [jvm.dll+0x8b77c3]
V  [jvm.dll+0x284346]
V  [jvm.dll+0xc66ed]
V  [jvm.dll+0xc6c31]
V  [jvm.dll+0x3bec3b]
V  [jvm.dll+0x38b162]
V  [jvm.dll+0x38a5aa]
V  [jvm.dll+0x24c560]
V  [jvm.dll+0x24bb40]
V  [jvm.dll+0x1cb34e]
V  [jvm.dll+0x25b85d]
V  [jvm.dll+0x259dea]
V  [jvm.dll+0x3f857e]
V  [jvm.dll+0x85f59d]
V  [jvm.dll+0x6d626d]
C  [ucrtbase.dll+0x2cd30]
C  [KERNEL32.DLL+0x2e957]
C  [ntdll.dll+0x87c1c]


---------------  P R O C E S S  ---------------

Threads class SMR info:
_java_thread_list=0x000001d86ce3eb30, length=160, elements={
0x000001d870ab4bd0, 0x000001d8783cec30, 0x000001d8783d16a0, 0x000001d8783d2100,
0x000001d8783d29d0, 0x000001d8783d36b0, 0x000001d8783db040, 0x000001d87f002090,
0x000001d87f045130, 0x000001d87f2b44d0, 0x000001d87f35e020, 0x000001d86a06c940,
0x000001d869f4df90, 0x000001d86a10b340, 0x000001d86a24cbd0, 0x000001d86a24d610,
0x000001d869fe89d0, 0x000001d86a024960, 0x000001d86a0242d0, 0x000001d86a025d10,
0x000001d86a024ff0, 0x000001d86a025680, 0x000001d86a0263a0, 0x000001d86a0235b0,
0x000001d86a023c40, 0x000001d86b6a2920, 0x000001d86b6a01c0, 0x000001d86b6a2fb0,
0x000001d86b6a1c00, 0x000001d86b6a2290, 0x000001d86b6a3cd0, 0x000001d86b6a0850,
0x000001d86b6a49f0, 0x000001d86b6a1570, 0x000001d86b6a5080, 0x000001d86b6a6ac0,
0x000001d86b6a5710, 0x000001d86b787310, 0x000001d86b7879a0, 0x000001d86b7893e0,
0x000001d86b7886c0, 0x000001d86b786c80, 0x000001d86b78b4b0, 0x000001d86b78a100,
0x000001d86b78a790, 0x000001d86b789a70, 0x000001d86b78ae20, 0x000001d86b788d50,
0x000001d86b788030, 0x000001d86b78e2a0, 0x000001d86b78bb40, 0x000001d86b78c1d0,
0x000001d86b78cef0, 0x000001d86b78c860, 0x000001d86b78d580, 0x000001d86b78dc10,
0x000001d86ab2bc70, 0x000001d86ab28e80, 0x000001d86ab2c300, 0x000001d86ab2a230,
0x000001d86ab2b5e0, 0x000001d86ab2a8c0, 0x000001d86ab29510, 0x000001d86ab2af50,
0x000001d86ab2d020, 0x000001d86ab2c990, 0x000001d86ab29ba0, 0x000001d86ab2fe10,
0x000001d86ab2f780, 0x000001d86ab2e3d0, 0x000001d87f3163b0, 0x000001d87f3170d0,
0x000001d87f318480, 0x000001d87f315000, 0x000001d87f318b10, 0x000001d87f317df0,
0x000001d87f317760, 0x000001d87f315690, 0x000001d87f319ec0, 0x000001d87f31abe0,
0x000001d87f31a550, 0x000001d87f3191a0, 0x000001d87f319830, 0x000001d87f31c620,
0x000001d87f31b900, 0x000001d87f31b270, 0x000001d87f31bf90, 0x000001d87f61a590,
0x000001d87f6191e0, 0x000001d87f619870, 0x000001d87f617e30, 0x000001d87f61b940,
0x000001d87f618b50, 0x000001d87f61b2b0, 0x000001d87f619f00, 0x000001d87f61ac20,
0x000001d87f6184c0, 0x000001d87f61bfd0, 0x000001d87f61c660, 0x000001d87f61edc0,
0x000001d87f61ccf0, 0x000001d87f61e730, 0x000001d87f61e0a0, 0x000001d87f61d380,
0x000001d87f61da10, 0x000001d87f61f450, 0x000001d87f2f84c0, 0x000001d87f2f5040,
0x000001d87f2f63f0, 0x000001d87f2f6a80, 0x000001d87f2f7e30, 0x000001d87f2f8b50,
0x000001d87f2f56d0, 0x000001d87f2f77a0, 0x000001d87f2f5d60, 0x000001d87f2f9870,
0x000001d87f2f91e0, 0x000001d87f2f9f00, 0x000001d87f2fbfd0, 0x000001d87f2fb2b0,
0x000001d87f2fc660, 0x000001d86b8ee680, 0x000001d86b8edff0, 0x000001d86b8eed10,
0x000001d86b8eb890, 0x000001d86b8ef3a0, 0x000001d86b8ebf20, 0x000001d86b8efa30,
0x000001d86b8ec5b0, 0x000001d86b8ed2d0, 0x000001d86b8f00c0, 0x000001d86b8ecc40,
0x000001d86b8f0de0, 0x000001d86b8f2820, 0x000001d86b8f1b00, 0x000001d86b8f2190,
0x000001d86b8f1470, 0x000001d86b8f0750, 0x000001d86b8f2eb0, 0x000001d87f2fb940,
0x000001d86b6f0c80, 0x000001d86b6eff60, 0x000001d86b6f2030, 0x000001d86b6f05f0,
0x000001d86b6f1310, 0x000001d86b6eebb0, 0x000001d86b6ef8d0, 0x000001d86b6ef240,
0x000001d86b6f4e20, 0x000001d86b6f26c0, 0x000001d86b6f2d50, 0x000001d86b6f33e0,
0x000001d86b6f3a70, 0x000001d86b6f4100, 0x000001d86b6f4790, 0x000001d86b6f19a0,
0x000001d86b6f61d0, 0x000001d86e4ea330, 0x000001d86f76f370, 0x000001d86f76fa40
}

Java Threads: ( => current thread )
  0x000001d870ab4bd0 JavaThread "main"                              [_thread_blocked, id=17864, stack(0x00000078c1f00000,0x00000078c2000000) (1024K)]
  0x000001d8783cec30 JavaThread "Reference Handler"          daemon [_thread_blocked, id=7060, stack(0x00000078c2700000,0x00000078c2800000) (1024K)]
  0x000001d8783d16a0 JavaThread "Finalizer"                  daemon [_thread_blocked, id=34208, stack(0x00000078c2800000,0x00000078c2900000) (1024K)]
  0x000001d8783d2100 JavaThread "Signal Dispatcher"          daemon [_thread_blocked, id=18164, stack(0x00000078c2900000,0x00000078c2a00000) (1024K)]
  0x000001d8783d29d0 JavaThread "Attach Listener"            daemon [_thread_blocked, id=804, stack(0x00000078c2a00000,0x00000078c2b00000) (1024K)]
  0x000001d8783d36b0 JavaThread "Service Thread"             daemon [_thread_blocked, id=29960, stack(0x00000078c2b00000,0x00000078c2c00000) (1024K)]
  0x000001d8783db040 JavaThread "Monitor Deflation Thread"   daemon [_thread_blocked, id=32592, stack(0x00000078c2c00000,0x00000078c2d00000) (1024K)]
=>0x000001d87f002090 JavaThread "C2 CompilerThread0"         daemon [_thread_in_native, id=13544, stack(0x00000078c2d00000,0x00000078c2e00000) (1024K)]
  0x000001d87f045130 JavaThread "C1 CompilerThread0"         daemon [_thread_blocked, id=6348, stack(0x00000078c2e00000,0x00000078c2f00000) (1024K)]
  0x000001d87f2b44d0 JavaThread "Common-Cleaner"             daemon [_thread_blocked, id=8088, stack(0x00000078c2f00000,0x00000078c3000000) (1024K)]
  0x000001d87f35e020 JavaThread "Notification Thread"        daemon [_thread_blocked, id=25928, stack(0x00000078c3000000,0x00000078c3100000) (1024K)]
  0x000001d86a06c940 JavaThread "Daemon health stats"               [_thread_blocked, id=15708, stack(0x00000078c3600000,0x00000078c3700000) (1024K)]
  0x000001d869f4df90 JavaThread "Incoming local TCP Connector on port 19244"        [_thread_in_native, id=7644, stack(0x00000078c3700000,0x00000078c3800000) (1024K)]
  0x000001d86a10b340 JavaThread "Daemon periodic checks"            [_thread_blocked, id=15560, stack(0x00000078c3800000,0x00000078c3900000) (1024K)]
  0x000001d86a24cbd0 JavaThread "Daemon"                            [_thread_blocked, id=21316, stack(0x00000078c3900000,0x00000078c3a00000) (1024K)]
  0x000001d86a24d610 JavaThread "Handler for socket connection from /127.0.0.1:19244 to /127.0.0.1:19245"        [_thread_in_native, id=29988, stack(0x00000078c3a00000,0x00000078c3b00000) (1024K)]
  0x000001d869fe89d0 JavaThread "Cancel handler"                    [_thread_blocked, id=25524, stack(0x00000078c3b00000,0x00000078c3c00000) (1024K)]
  0x000001d86a024960 JavaThread "Daemon worker"                     [_thread_in_Java, id=28532, stack(0x00000078c3c00000,0x00000078c3d00000) (1024K)]
  0x000001d86a0242d0 JavaThread "Asynchronous log dispatcher for DefaultDaemonConnection: socket connection from /127.0.0.1:19244 to /127.0.0.1:19245"        [_thread_blocked, id=29428, stack(0x00000078c3d00000,0x00000078c3e00000) (1024K)]
  0x000001d86a025d10 JavaThread "Stdin handler"                     [_thread_blocked, id=19820, stack(0x00000078c3e00000,0x00000078c3f00000) (1024K)]
  0x000001d86a024ff0 JavaThread "Daemon client event forwarder"        [_thread_blocked, id=13628, stack(0x00000078c3f00000,0x00000078c4000000) (1024K)]
  0x000001d86a025680 JavaThread "Cache worker for journal cache (C:\Users\offic\.gradle\caches\journal-1)"        [_thread_blocked, id=23596, stack(0x00000078c4500000,0x00000078c4600000) (1024K)]
  0x000001d86a0263a0 JavaThread "File lock request listener"        [_thread_in_native, id=26820, stack(0x00000078c4600000,0x00000078c4700000) (1024K)]
  0x000001d86a0235b0 JavaThread "Cache worker for file hash cache (C:\Users\offic\.gradle\caches\8.14\fileHashes)"        [_thread_blocked, id=13368, stack(0x00000078c4700000,0x00000078c4800000) (1024K)]
  0x000001d86a023c40 JavaThread "Cache worker for file hash cache (C:\Users\offic\OneDrive\Documents\2026\SEMESTER 6\APB\SIPTU\mobile\android\.gradle\8.14\fileHashes)"        [_thread_blocked, id=29724, stack(0x00000078c4b00000,0x00000078c4c00000) (1024K)]
  0x000001d86b6a2920 JavaThread "Cache worker for Build Output Cleanup Cache (C:\Users\offic\OneDrive\Documents\2026\SEMESTER 6\APB\SIPTU\mobile\android\.gradle\buildOutputCleanup)"        [_thread_blocked, id=15116, stack(0x00000078c4c00000,0x00000078c4d00000) (1024K)]
  0x000001d86b6a01c0 JavaThread "File watcher server"        daemon [_thread_in_native, id=21280, stack(0x00000078c4d00000,0x00000078c4e00000) (1024K)]
  0x000001d86b6a2fb0 JavaThread "File watcher consumer"      daemon [_thread_blocked, id=8620, stack(0x00000078c4e00000,0x00000078c4f00000) (1024K)]
  0x000001d86b6a1c00 JavaThread "jar transforms"                    [_thread_blocked, id=17880, stack(0x00000078c4f00000,0x00000078c5000000) (1024K)]
  0x000001d86b6a2290 JavaThread "jar transforms Thread 2"           [_thread_blocked, id=21148, stack(0x00000078c5000000,0x00000078c5100000) (1024K)]
  0x000001d86b6a3cd0 JavaThread "Cache worker for checksums cache (C:\Users\offic\OneDrive\Documents\2026\SEMESTER 6\APB\SIPTU\mobile\android\.gradle\8.14\checksums)"        [_thread_blocked, id=8972, stack(0x00000078c5100000,0x00000078c5200000) (1024K)]
  0x000001d86b6a0850 JavaThread "Cache worker for file content cache (C:\Users\offic\.gradle\caches\8.14\fileContent)"        [_thread_blocked, id=11976, stack(0x00000078c5200000,0x00000078c5300000) (1024K)]
  0x000001d86b6a49f0 JavaThread "Cache worker for cache directory md-supplier (C:\Users\offic\.gradle\caches\8.14\md-supplier)"        [_thread_blocked, id=3124, stack(0x00000078c5300000,0x00000078c5400000) (1024K)]
  0x000001d86b6a1570 JavaThread "Cache worker for cache directory md-rule (C:\Users\offic\.gradle\caches\8.14\md-rule)"        [_thread_blocked, id=25736, stack(0x00000078c5400000,0x00000078c5500000) (1024K)]
  0x000001d86b6a5080 JavaThread "Cache worker for Build Output Cleanup Cache (C:\flutter\packages\flutter_tools\gradle\.gradle\buildOutputCleanup)"        [_thread_blocked, id=7780, stack(0x00000078c5500000,0x00000078c5600000) (1024K)]
  0x000001d86b6a6ac0 JavaThread "Unconstrained build operations"        [_thread_blocked, id=19488, stack(0x00000078c3100000,0x00000078c3200000) (1024K)]
  0x000001d86b6a5710 JavaThread "Unconstrained build operations Thread 2"        [_thread_blocked, id=9196, stack(0x00000078c4800000,0x00000078c4900000) (1024K)]
  0x000001d86b787310 JavaThread "Unconstrained build operations Thread 3"        [_thread_blocked, id=29560, stack(0x00000078c5600000,0x00000078c5700000) (1024K)]
  0x000001d86b7879a0 JavaThread "Unconstrained build operations Thread 4"        [_thread_blocked, id=29528, stack(0x00000078c5700000,0x00000078c5800000) (1024K)]
  0x000001d86b7893e0 JavaThread "Unconstrained build operations Thread 5"        [_thread_blocked, id=20748, stack(0x00000078c5800000,0x00000078c5900000) (1024K)]
  0x000001d86b7886c0 JavaThread "Unconstrained build operations Thread 6"        [_thread_blocked, id=16620, stack(0x00000078c5900000,0x00000078c5a00000) (1024K)]
  0x000001d86b786c80 JavaThread "Unconstrained build operations Thread 7"        [_thread_blocked, id=26380, stack(0x00000078c5a00000,0x00000078c5b00000) (1024K)]
  0x000001d86b78b4b0 JavaThread "Unconstrained build operations Thread 8"        [_thread_blocked, id=24104, stack(0x00000078c5b00000,0x00000078c5c00000) (1024K)]
  0x000001d86b78a100 JavaThread "Unconstrained build operations Thread 9"        [_thread_blocked, id=30216, stack(0x00000078c5c00000,0x00000078c5d00000) (1024K)]
  0x000001d86b78a790 JavaThread "Unconstrained build operations Thread 10"        [_thread_blocked, id=16520, stack(0x00000078c5d00000,0x00000078c5e00000) (1024K)]
  0x000001d86b789a70 JavaThread "Unconstrained build operations Thread 11"        [_thread_blocked, id=29508, stack(0x00000078c5e00000,0x00000078c5f00000) (1024K)]
  0x000001d86b78ae20 JavaThread "Unconstrained build operations Thread 12"        [_thread_blocked, id=13188, stack(0x00000078c5f00000,0x00000078c6000000) (1024K)]
  0x000001d86b788d50 JavaThread "Unconstrained build operations Thread 13"        [_thread_blocked, id=29196, stack(0x00000078c6000000,0x00000078c6100000) (1024K)]
  0x000001d86b788030 JavaThread "Unconstrained build operations Thread 14"        [_thread_blocked, id=20852, stack(0x00000078c6100000,0x00000078c6200000) (1024K)]
  0x000001d86b78e2a0 JavaThread "Unconstrained build operations Thread 15"        [_thread_blocked, id=23620, stack(0x00000078c6200000,0x00000078c6300000) (1024K)]
  0x000001d86b78bb40 JavaThread "Unconstrained build operations Thread 16"        [_thread_blocked, id=6416, stack(0x00000078c6300000,0x00000078c6400000) (1024K)]
  0x000001d86b78c1d0 JavaThread "Unconstrained build operations Thread 17"        [_thread_blocked, id=8004, stack(0x00000078c6400000,0x00000078c6500000) (1024K)]
  0x000001d86b78cef0 JavaThread "Unconstrained build operations Thread 18"        [_thread_blocked, id=27456, stack(0x00000078c6500000,0x00000078c6600000) (1024K)]
  0x000001d86b78c860 JavaThread "Unconstrained build operations Thread 19"        [_thread_blocked, id=31960, stack(0x00000078c6600000,0x00000078c6700000) (1024K)]
  0x000001d86b78d580 JavaThread "Unconstrained build operations Thread 20"        [_thread_blocked, id=12904, stack(0x00000078c6700000,0x00000078c6800000) (1024K)]
  0x000001d86b78dc10 JavaThread "Unconstrained build operations Thread 21"        [_thread_blocked, id=6272, stack(0x00000078c6800000,0x00000078c6900000) (1024K)]
  0x000001d86ab2bc70 JavaThread "Unconstrained build operations Thread 22"        [_thread_blocked, id=22648, stack(0x00000078c6900000,0x00000078c6a00000) (1024K)]
  0x000001d86ab28e80 JavaThread "Unconstrained build operations Thread 23"        [_thread_blocked, id=22552, stack(0x00000078c6b00000,0x00000078c6c00000) (1024K)]
  0x000001d86ab2c300 JavaThread "Unconstrained build operations Thread 24"        [_thread_blocked, id=19516, stack(0x00000078c6c00000,0x00000078c6d00000) (1024K)]
  0x000001d86ab2a230 JavaThread "Unconstrained build operations Thread 25"        [_thread_blocked, id=9804, stack(0x00000078c6d00000,0x00000078c6e00000) (1024K)]
  0x000001d86ab2b5e0 JavaThread "Unconstrained build operations Thread 26"        [_thread_blocked, id=6136, stack(0x00000078c6e00000,0x00000078c6f00000) (1024K)]
  0x000001d86ab2a8c0 JavaThread "Unconstrained build operations Thread 27"        [_thread_blocked, id=32680, stack(0x00000078c6f00000,0x00000078c7000000) (1024K)]
  0x000001d86ab29510 JavaThread "Unconstrained build operations Thread 28"        [_thread_blocked, id=12124, stack(0x00000078c7000000,0x00000078c7100000) (1024K)]
  0x000001d86ab2af50 JavaThread "Unconstrained build operations Thread 29"        [_thread_blocked, id=3532, stack(0x00000078c7100000,0x00000078c7200000) (1024K)]
  0x000001d86ab2d020 JavaThread "Unconstrained build operations Thread 30"        [_thread_blocked, id=15932, stack(0x00000078c7200000,0x00000078c7300000) (1024K)]
  0x000001d86ab2c990 JavaThread "Unconstrained build operations Thread 31"        [_thread_blocked, id=16052, stack(0x00000078c7300000,0x00000078c7400000) (1024K)]
  0x000001d86ab29ba0 JavaThread "Unconstrained build operations Thread 32"        [_thread_blocked, id=31608, stack(0x00000078c7400000,0x00000078c7500000) (1024K)]
  0x000001d86ab2fe10 JavaThread "Unconstrained build operations Thread 33"        [_thread_blocked, id=11916, stack(0x00000078c7500000,0x00000078c7600000) (1024K)]
  0x000001d86ab2f780 JavaThread "Memory manager"                    [_thread_blocked, id=4644, stack(0x00000078c7600000,0x00000078c7700000) (1024K)]
  0x000001d86ab2e3d0 JavaThread "build event listener"              [_thread_blocked, id=21632, stack(0x00000078c7700000,0x00000078c7800000) (1024K)]
  0x000001d87f3163b0 JavaThread "included builds"                   [_thread_blocked, id=10088, stack(0x00000078c7900000,0x00000078c7a00000) (1024K)]
  0x000001d87f3170d0 JavaThread "Execution worker"                  [_thread_blocked, id=14272, stack(0x00000078c7a00000,0x00000078c7b00000) (1024K)]
  0x000001d87f318480 JavaThread "Execution worker Thread 2"         [_thread_blocked, id=3944, stack(0x00000078c7b00000,0x00000078c7c00000) (1024K)]
  0x000001d87f315000 JavaThread "Execution worker Thread 3"         [_thread_blocked, id=19084, stack(0x00000078c7c00000,0x00000078c7d00000) (1024K)]
  0x000001d87f318b10 JavaThread "Execution worker Thread 4"         [_thread_blocked, id=5852, stack(0x00000078c7d00000,0x00000078c7e00000) (1024K)]
  0x000001d87f317df0 JavaThread "Execution worker Thread 5"         [_thread_blocked, id=5300, stack(0x00000078c7e00000,0x00000078c7f00000) (1024K)]
  0x000001d87f317760 JavaThread "Execution worker Thread 6"         [_thread_blocked, id=3240, stack(0x00000078c7f00000,0x00000078c8000000) (1024K)]
  0x000001d87f315690 JavaThread "Execution worker Thread 7"         [_thread_blocked, id=4984, stack(0x00000078c8000000,0x00000078c8100000) (1024K)]
  0x000001d87f319ec0 JavaThread "Execution worker Thread 8"         [_thread_blocked, id=16524, stack(0x00000078c8100000,0x00000078c8200000) (1024K)]
  0x000001d87f31abe0 JavaThread "Execution worker Thread 9"         [_thread_blocked, id=10436, stack(0x00000078c8200000,0x00000078c8300000) (1024K)]
  0x000001d87f31a550 JavaThread "Execution worker Thread 10"        [_thread_blocked, id=24016, stack(0x00000078c8300000,0x00000078c8400000) (1024K)]
  0x000001d87f3191a0 JavaThread "Execution worker Thread 11"        [_thread_blocked, id=33900, stack(0x00000078c8400000,0x00000078c8500000) (1024K)]
  0x000001d87f319830 JavaThread "Cache worker for execution history cache (C:\flutter\packages\flutter_tools\gradle\.gradle\8.14\executionHistory)"        [_thread_blocked, id=34048, stack(0x00000078c8500000,0x00000078c8600000) (1024K)]
  0x000001d87f31c620 JavaThread "Unconstrained build operations Thread 34"        [_thread_blocked, id=30284, stack(0x00000078c8600000,0x00000078c8700000) (1024K)]
  0x000001d87f31b900 JavaThread "Unconstrained build operations Thread 35"        [_thread_blocked, id=25176, stack(0x00000078c8700000,0x00000078c8800000) (1024K)]
  0x000001d87f31b270 JavaThread "Unconstrained build operations Thread 36"        [_thread_blocked, id=29080, stack(0x00000078c8800000,0x00000078c8900000) (1024K)]
  0x000001d87f31bf90 JavaThread "Unconstrained build operations Thread 37"        [_thread_blocked, id=17812, stack(0x00000078c8900000,0x00000078c8a00000) (1024K)]
  0x000001d87f61a590 JavaThread "Unconstrained build operations Thread 38"        [_thread_blocked, id=23420, stack(0x00000078c8a00000,0x00000078c8b00000) (1024K)]
  0x000001d87f6191e0 JavaThread "Unconstrained build operations Thread 39"        [_thread_blocked, id=31808, stack(0x00000078c8b00000,0x00000078c8c00000) (1024K)]
  0x000001d87f619870 JavaThread "Unconstrained build operations Thread 40"        [_thread_blocked, id=16900, stack(0x00000078c8c00000,0x00000078c8d00000) (1024K)]
  0x000001d87f617e30 JavaThread "Unconstrained build operations Thread 41"        [_thread_blocked, id=34312, stack(0x00000078c8d00000,0x00000078c8e00000) (1024K)]
  0x000001d87f61b940 JavaThread "Unconstrained build operations Thread 42"        [_thread_blocked, id=19668, stack(0x00000078c8e00000,0x00000078c8f00000) (1024K)]
  0x000001d87f618b50 JavaThread "Unconstrained build operations Thread 43"        [_thread_blocked, id=29000, stack(0x00000078c8f00000,0x00000078c9000000) (1024K)]
  0x000001d87f61b2b0 JavaThread "Unconstrained build operations Thread 44"        [_thread_blocked, id=17336, stack(0x00000078c9000000,0x00000078c9100000) (1024K)]
  0x000001d87f619f00 JavaThread "Unconstrained build operations Thread 45"        [_thread_blocked, id=17252, stack(0x00000078c9100000,0x00000078c9200000) (1024K)]
  0x000001d87f61ac20 JavaThread "Unconstrained build operations Thread 46"        [_thread_blocked, id=34444, stack(0x00000078c9200000,0x00000078c9300000) (1024K)]
  0x000001d87f6184c0 JavaThread "Unconstrained build operations Thread 47"        [_thread_blocked, id=8904, stack(0x00000078c9300000,0x00000078c9400000) (1024K)]
  0x000001d87f61bfd0 JavaThread "Unconstrained build operations Thread 48"        [_thread_blocked, id=15616, stack(0x00000078c9400000,0x00000078c9500000) (1024K)]
  0x000001d87f61c660 JavaThread "Unconstrained build operations Thread 49"        [_thread_blocked, id=23900, stack(0x00000078c9500000,0x00000078c9600000) (1024K)]
  0x000001d87f61edc0 JavaThread "Unconstrained build operations Thread 50"        [_thread_blocked, id=11220, stack(0x00000078c9600000,0x00000078c9700000) (1024K)]
  0x000001d87f61ccf0 JavaThread "Unconstrained build operations Thread 51"        [_thread_blocked, id=16356, stack(0x00000078c9700000,0x00000078c9800000) (1024K)]
  0x000001d87f61e730 JavaThread "Unconstrained build operations Thread 52"        [_thread_blocked, id=4072, stack(0x00000078c9800000,0x00000078c9900000) (1024K)]
  0x000001d87f61e0a0 JavaThread "Unconstrained build operations Thread 53"        [_thread_blocked, id=11608, stack(0x00000078c9900000,0x00000078c9a00000) (1024K)]
  0x000001d87f61d380 JavaThread "Unconstrained build operations Thread 54"        [_thread_blocked, id=11736, stack(0x00000078c9a00000,0x00000078c9b00000) (1024K)]
  0x000001d87f61da10 JavaThread "Unconstrained build operations Thread 55"        [_thread_blocked, id=2352, stack(0x00000078c9b00000,0x00000078c9c00000) (1024K)]
  0x000001d87f61f450 JavaThread "Unconstrained build operations Thread 56"        [_thread_blocked, id=19120, stack(0x00000078c9c00000,0x00000078c9d00000) (1024K)]
  0x000001d87f2f84c0 JavaThread "Unconstrained build operations Thread 57"        [_thread_blocked, id=25408, stack(0x00000078c9d00000,0x00000078c9e00000) (1024K)]
  0x000001d87f2f5040 JavaThread "Unconstrained build operations Thread 58"        [_thread_blocked, id=18980, stack(0x00000078c9e00000,0x00000078c9f00000) (1024K)]
  0x000001d87f2f63f0 JavaThread "Unconstrained build operations Thread 59"        [_thread_blocked, id=14828, stack(0x00000078c9f00000,0x00000078ca000000) (1024K)]
  0x000001d87f2f6a80 JavaThread "Unconstrained build operations Thread 60"        [_thread_blocked, id=25428, stack(0x00000078ca000000,0x00000078ca100000) (1024K)]
  0x000001d87f2f7e30 JavaThread "Unconstrained build operations Thread 61"        [_thread_blocked, id=23208, stack(0x00000078ca100000,0x00000078ca200000) (1024K)]
  0x000001d87f2f8b50 JavaThread "Unconstrained build operations Thread 62"        [_thread_blocked, id=6236, stack(0x00000078ca200000,0x00000078ca300000) (1024K)]
  0x000001d87f2f56d0 JavaThread "Unconstrained build operations Thread 63"        [_thread_blocked, id=5816, stack(0x00000078ca300000,0x00000078ca400000) (1024K)]
  0x000001d87f2f77a0 JavaThread "Unconstrained build operations Thread 64"        [_thread_blocked, id=26232, stack(0x00000078ca400000,0x00000078ca500000) (1024K)]
  0x000001d87f2f5d60 JavaThread "Unconstrained build operations Thread 65"        [_thread_blocked, id=12440, stack(0x00000078ca500000,0x00000078ca600000) (1024K)]
  0x000001d87f2f9870 JavaThread "Unconstrained build operations Thread 66"        [_thread_blocked, id=29376, stack(0x00000078ca600000,0x00000078ca700000) (1024K)]
  0x000001d87f2f91e0 JavaThread "Unconstrained build operations Thread 67"        [_thread_blocked, id=21060, stack(0x00000078ca700000,0x00000078ca800000) (1024K)]
  0x000001d87f2f9f00 JavaThread "Unconstrained build operations Thread 68"        [_thread_blocked, id=18152, stack(0x00000078ca800000,0x00000078ca900000) (1024K)]
  0x000001d87f2fbfd0 JavaThread "WorkerExecutor Queue"              [_thread_blocked, id=4432, stack(0x00000078c7800000,0x00000078c7900000) (1024K)]
  0x000001d87f2fb2b0 JavaThread "RMI Scheduler(0)"           daemon [_thread_blocked, id=1392, stack(0x00000078ca900000,0x00000078caa00000) (1024K)]
  0x000001d87f2fc660 JavaThread "RMI GC Daemon"              daemon [_thread_blocked, id=20700, stack(0x00000078cab00000,0x00000078cac00000) (1024K)]
  0x000001d86b8ee680 JavaThread "RMI TCP Accept-0"           daemon [_thread_in_native, id=22924, stack(0x00000078cac00000,0x00000078cad00000) (1024K)]
  0x000001d86b8edff0 JavaThread "RMI Reaper"                        [_thread_blocked, id=8824, stack(0x00000078cad00000,0x00000078cae00000) (1024K)]
  0x000001d86b8eed10 JavaThread "RMI TCP Connection(1)-127.0.0.1" daemon [_thread_in_native, id=16760, stack(0x00000078cae00000,0x00000078caf00000) (1024K)]
  0x000001d86b8eb890 JavaThread "Unconstrained build operations Thread 69"        [_thread_blocked, id=34576, stack(0x00000078c6a00000,0x00000078c6b00000) (1024K)]
  0x000001d86b8ef3a0 JavaThread "Unconstrained build operations Thread 70"        [_thread_blocked, id=32648, stack(0x00000078caf00000,0x00000078cb000000) (1024K)]
  0x000001d86b8ebf20 JavaThread "Unconstrained build operations Thread 71"        [_thread_blocked, id=13392, stack(0x00000078cb000000,0x00000078cb100000) (1024K)]
  0x000001d86b8efa30 JavaThread "Unconstrained build operations Thread 72"        [_thread_blocked, id=30072, stack(0x00000078cb100000,0x00000078cb200000) (1024K)]
  0x000001d86b8ec5b0 JavaThread "Unconstrained build operations Thread 73"        [_thread_blocked, id=24176, stack(0x00000078cb200000,0x00000078cb300000) (1024K)]
  0x000001d86b8ed2d0 JavaThread "Unconstrained build operations Thread 74"        [_thread_blocked, id=8752, stack(0x00000078cb300000,0x00000078cb400000) (1024K)]
  0x000001d86b8f00c0 JavaThread "Unconstrained build operations Thread 75"        [_thread_blocked, id=2924, stack(0x00000078cb400000,0x00000078cb500000) (1024K)]
  0x000001d86b8ecc40 JavaThread "Unconstrained build operations Thread 76"        [_thread_blocked, id=27884, stack(0x00000078cb500000,0x00000078cb600000) (1024K)]
  0x000001d86b8f0de0 JavaThread "Unconstrained build operations Thread 77"        [_thread_blocked, id=21268, stack(0x00000078cb600000,0x00000078cb700000) (1024K)]
  0x000001d86b8f2820 JavaThread "Unconstrained build operations Thread 78"        [_thread_blocked, id=29660, stack(0x00000078cb700000,0x00000078cb800000) (1024K)]
  0x000001d86b8f1b00 JavaThread "Unconstrained build operations Thread 79"        [_thread_blocked, id=11480, stack(0x00000078cb800000,0x00000078cb900000) (1024K)]
  0x000001d86b8f2190 JavaThread "Unconstrained build operations Thread 80"        [_thread_blocked, id=420, stack(0x00000078cb900000,0x00000078cba00000) (1024K)]
  0x000001d86b8f1470 JavaThread "Unconstrained build operations Thread 81"        [_thread_blocked, id=32480, stack(0x00000078cba00000,0x00000078cbb00000) (1024K)]
  0x000001d86b8f0750 JavaThread "Unconstrained build operations Thread 82"        [_thread_blocked, id=24436, stack(0x00000078cbb00000,0x00000078cbc00000) (1024K)]
  0x000001d86b8f2eb0 JavaThread "Unconstrained build operations Thread 83"        [_thread_blocked, id=32400, stack(0x00000078cbc00000,0x00000078cbd00000) (1024K)]
  0x000001d87f2fb940 JavaThread "Unconstrained build operations Thread 84"        [_thread_blocked, id=20284, stack(0x00000078cbd00000,0x00000078cbe00000) (1024K)]
  0x000001d86b6f0c80 JavaThread "Unconstrained build operations Thread 85"        [_thread_blocked, id=15040, stack(0x00000078cbe00000,0x00000078cbf00000) (1024K)]
  0x000001d86b6eff60 JavaThread "Unconstrained build operations Thread 86"        [_thread_blocked, id=33136, stack(0x00000078cbf00000,0x00000078cc000000) (1024K)]
  0x000001d86b6f2030 JavaThread "Unconstrained build operations Thread 87"        [_thread_blocked, id=8360, stack(0x00000078cc000000,0x00000078cc100000) (1024K)]
  0x000001d86b6f05f0 JavaThread "Unconstrained build operations Thread 88"        [_thread_blocked, id=6840, stack(0x00000078cc100000,0x00000078cc200000) (1024K)]
  0x000001d86b6f1310 JavaThread "Unconstrained build operations Thread 89"        [_thread_blocked, id=28904, stack(0x00000078cc200000,0x00000078cc300000) (1024K)]
  0x000001d86b6eebb0 JavaThread "Unconstrained build operations Thread 90"        [_thread_blocked, id=31340, stack(0x00000078cc300000,0x00000078cc400000) (1024K)]
  0x000001d86b6ef8d0 JavaThread "Unconstrained build operations Thread 91"        [_thread_blocked, id=20280, stack(0x00000078cc400000,0x00000078cc500000) (1024K)]
  0x000001d86b6ef240 JavaThread "Unconstrained build operations Thread 92"        [_thread_blocked, id=12672, stack(0x00000078cc500000,0x00000078cc600000) (1024K)]
  0x000001d86b6f4e20 JavaThread "Unconstrained build operations Thread 93"        [_thread_blocked, id=32288, stack(0x00000078cc600000,0x00000078cc700000) (1024K)]
  0x000001d86b6f26c0 JavaThread "Unconstrained build operations Thread 94"        [_thread_blocked, id=22512, stack(0x00000078cc700000,0x00000078cc800000) (1024K)]
  0x000001d86b6f2d50 JavaThread "Unconstrained build operations Thread 95"        [_thread_blocked, id=15752, stack(0x00000078cc800000,0x00000078cc900000) (1024K)]
  0x000001d86b6f33e0 JavaThread "Unconstrained build operations Thread 96"        [_thread_blocked, id=26860, stack(0x00000078cc900000,0x00000078cca00000) (1024K)]
  0x000001d86b6f3a70 JavaThread "Unconstrained build operations Thread 97"        [_thread_blocked, id=32132, stack(0x00000078cca00000,0x00000078ccb00000) (1024K)]
  0x000001d86b6f4100 JavaThread "Unconstrained build operations Thread 98"        [_thread_blocked, id=12308, stack(0x00000078ccb00000,0x00000078ccc00000) (1024K)]
  0x000001d86b6f4790 JavaThread "Unconstrained build operations Thread 99"        [_thread_blocked, id=16800, stack(0x00000078ccc00000,0x00000078ccd00000) (1024K)]
  0x000001d86b6f19a0 JavaThread "Unconstrained build operations Thread 100"        [_thread_blocked, id=17960, stack(0x00000078ccd00000,0x00000078cce00000) (1024K)]
  0x000001d86b6f61d0 JavaThread "Unconstrained build operations Thread 101"        [_thread_blocked, id=14848, stack(0x00000078cce00000,0x00000078ccf00000) (1024K)]
  0x000001d86e4ea330 JavaThread "build event listener"              [_thread_blocked, id=8124, stack(0x00000078cd000000,0x00000078cd100000) (1024K)]
  0x000001d86f76f370 JavaThread "C2 CompilerThread1"         daemon [_thread_in_native, id=8208, stack(0x00000078caa00000,0x00000078cab00000) (1024K)]
  0x000001d86f76fa40 JavaThread "C2 CompilerThread2"         daemon [_thread_in_native, id=900, stack(0x00000078ccf00000,0x00000078cd000000) (1024K)]
Total: 160

Other Threads:
  0x000001d8783b6890 VMThread "VM Thread"                           [id=1796, stack(0x00000078c2600000,0x00000078c2700000) (1024K)]
  0x000001d8783a6690 WatcherThread "VM Periodic Task Thread"        [id=27532, stack(0x00000078c2500000,0x00000078c2600000) (1024K)]
  0x000001d870b5c1d0 WorkerThread "GC Thread#0"                     [id=21672, stack(0x00000078c2000000,0x00000078c2100000) (1024K)]
  0x000001d87f38e7c0 WorkerThread "GC Thread#1"                     [id=19524, stack(0x00000078c3200000,0x00000078c3300000) (1024K)]
  0x000001d87f41e870 WorkerThread "GC Thread#2"                     [id=21068, stack(0x00000078c3300000,0x00000078c3400000) (1024K)]
  0x000001d87f41ec20 WorkerThread "GC Thread#3"                     [id=4068, stack(0x00000078c3400000,0x00000078c3500000) (1024K)]
  0x000001d87f41efd0 WorkerThread "GC Thread#4"                     [id=4404, stack(0x00000078c3500000,0x00000078c3600000) (1024K)]
  0x000001d86a349f70 WorkerThread "GC Thread#5"                     [id=27384, stack(0x00000078c4000000,0x00000078c4100000) (1024K)]
  0x000001d86a34a890 WorkerThread "GC Thread#6"                     [id=27284, stack(0x00000078c4100000,0x00000078c4200000) (1024K)]
  0x000001d86a235f80 WorkerThread "GC Thread#7"                     [id=10332, stack(0x00000078c4200000,0x00000078c4300000) (1024K)]
  0x000001d86a203720 WorkerThread "GC Thread#8"                     [id=16532, stack(0x00000078c4300000,0x00000078c4400000) (1024K)]
  0x000001d86a202fc0 WorkerThread "GC Thread#9"                     [id=12736, stack(0x00000078c4400000,0x00000078c4500000) (1024K)]
  0x000001d878222010 ConcurrentGCThread "G1 Main Marker"            [id=17872, stack(0x00000078c2100000,0x00000078c2200000) (1024K)]
  0x000001d878223070 WorkerThread "G1 Conc#0"                       [id=12748, stack(0x00000078c2200000,0x00000078c2300000) (1024K)]
  0x000001d86a91b1c0 WorkerThread "G1 Conc#1"                       [id=13832, stack(0x00000078c4900000,0x00000078c4a00000) (1024K)]
  0x000001d86a918580 WorkerThread "G1 Conc#2"                       [id=21224, stack(0x00000078c4a00000,0x00000078c4b00000) (1024K)]
  0x000001d878272980 ConcurrentGCThread "G1 Refine#0"               [id=13920, stack(0x00000078c2300000,0x00000078c2400000) (1024K)]
  0x000001d8782732b0 ConcurrentGCThread "G1 Service"                [id=23384, stack(0x00000078c2400000,0x00000078c2500000) (1024K)]
Total: 18

Threads with active compile tasks:
C2 CompilerThread0  36589 13381   !   4       org.gradle.internal.operations.DefaultBuildOperationRunner$2::execute (110 bytes)
C2 CompilerThread1  36590 13267 %     4       com.android.build.gradle.internal.cxx.settings.ParseMacroStringKt::tokenizeMacroString @ 27 (409 bytes)
C2 CompilerThread2  36590 13453       4       org.objectweb.asm.MethodWriter::visitLabel (332 bytes)
Total: 3

VM state: not at safepoint (normal execution)

VM Mutex/Monitor currently owned by a thread: None

Heap address: 0x0000000600000000, size: 8192 MB, Compressed Oops mode: Zero based, Oop shift amount: 3

CDS archive(s) mapped at: [0x000001d828000000-0x000001d828ba0000-0x000001d828ba0000), size 12189696, SharedBaseAddress: 0x000001d828000000, ArchiveRelocationMode: 1.
Compressed class space mapped at: 0x000001d829000000-0x000001d869000000, reserved size: 1073741824
Narrow klass base: 0x000001d828000000, Narrow klass shift: 0, Narrow klass range: 0x100000000

GC Precious Log:
 CardTable entry size: 512
 Card Set container configuration: InlinePtr #cards 4 size 8 Array Of Cards #cards 32 size 80 Howl #buckets 8 coarsen threshold 7372 Howl Bitmap #cards 1024 size 144 coarsen threshold 921 Card regions per heap region 1 cards per card region 8192
 CPUs: 12 total, 12 available
 Memory: 15773M
 Large Page Support: Disabled
 NUMA Support: Disabled
 Compressed Oops: Enabled (Zero based)
 Heap Region Size: 4M
 Heap Min Capacity: 8M
 Heap Initial Capacity: 248M
 Heap Max Capacity: 8G
 Pre-touch: Disabled
 Parallel Workers: 10
 Concurrent Workers: 3
 Concurrent Refinement Workers: 10
 Periodic GC: Disabled

Heap:
 garbage-first heap   total 212992K, used 177683K [0x0000000600000000, 0x0000000800000000)
  region size 4096K, 16 young (65536K), 2 survivors (8192K)
 Metaspace       used 105359K, committed 107776K, reserved 1179648K
  class space    used 15089K, committed 16320K, reserved 1048576K

Heap Regions: E=young(eden), S=young(survivor), O=old, HS=humongous(starts), HC=humongous(continues), CS=collection set, F=free, TAMS=top-at-mark-start, PB=parsable bottom
|   0|0x0000000600000000, 0x0000000600400000, 0x0000000600400000|100%|HS|  |TAMS 0x0000000600000000| PB 0x0000000600000000| Complete 
|   1|0x0000000600400000, 0x0000000600800000, 0x0000000600800000|100%| O|  |TAMS 0x0000000600400000| PB 0x0000000600400000| Untracked 
|   2|0x0000000600800000, 0x0000000600c00000, 0x0000000600c00000|100%| O|  |TAMS 0x0000000600800000| PB 0x0000000600800000| Untracked 
|   3|0x0000000600c00000, 0x0000000601000000, 0x0000000601000000|100%| O|  |TAMS 0x0000000600c00000| PB 0x0000000600c00000| Untracked 
|   4|0x0000000601000000, 0x0000000601400000, 0x0000000601400000|100%| O|  |TAMS 0x0000000601000000| PB 0x0000000601000000| Untracked 
|   5|0x0000000601400000, 0x0000000601800000, 0x0000000601800000|100%| O|  |TAMS 0x0000000601400000| PB 0x0000000601400000| Untracked 
|   6|0x0000000601800000, 0x0000000601c00000, 0x0000000601c00000|100%| O|  |TAMS 0x0000000601800000| PB 0x0000000601800000| Untracked 
|   7|0x0000000601c00000, 0x0000000602000000, 0x0000000602000000|100%| O|  |TAMS 0x0000000601c00000| PB 0x0000000601c00000| Untracked 
|   8|0x0000000602000000, 0x0000000602400000, 0x0000000602400000|100%|HS|  |TAMS 0x0000000602000000| PB 0x0000000602000000| Complete 
|   9|0x0000000602400000, 0x0000000602800000, 0x0000000602800000|100%| O|  |TAMS 0x0000000602400000| PB 0x0000000602400000| Untracked 
|  10|0x0000000602800000, 0x0000000602c00000, 0x0000000602c00000|100%|HS|  |TAMS 0x0000000602800000| PB 0x0000000602800000| Complete 
|  11|0x0000000602c00000, 0x0000000603000000, 0x0000000603000000|100%| O|  |TAMS 0x0000000602c00000| PB 0x0000000602c00000| Untracked 
|  12|0x0000000603000000, 0x0000000603400000, 0x0000000603400000|100%| O|  |TAMS 0x0000000603000000| PB 0x0000000603000000| Untracked 
|  13|0x0000000603400000, 0x0000000603800000, 0x0000000603800000|100%| O|  |TAMS 0x0000000603400000| PB 0x0000000603400000| Untracked 
|  14|0x0000000603800000, 0x0000000603c00000, 0x0000000603c00000|100%| O|  |TAMS 0x0000000603800000| PB 0x0000000603800000| Untracked 
|  15|0x0000000603c00000, 0x0000000604000000, 0x0000000604000000|100%| O|  |TAMS 0x0000000603c00000| PB 0x0000000603c00000| Untracked 
|  16|0x0000000604000000, 0x0000000604400000, 0x0000000604400000|100%| O|  |TAMS 0x0000000604000000| PB 0x0000000604000000| Untracked 
|  17|0x0000000604400000, 0x0000000604800000, 0x0000000604800000|100%| O|Cm|TAMS 0x0000000604400000| PB 0x0000000604400000| Complete 
|  18|0x0000000604800000, 0x0000000604c00000, 0x0000000604c00000|100%| O|  |TAMS 0x0000000604800000| PB 0x0000000604800000| Untracked 
|  19|0x0000000604c00000, 0x0000000605000000, 0x0000000605000000|100%| O|  |TAMS 0x0000000604c00000| PB 0x0000000604c00000| Untracked 
|  20|0x0000000605000000, 0x0000000605400000, 0x0000000605400000|100%| O|  |TAMS 0x0000000605000000| PB 0x0000000605000000| Untracked 
|  21|0x0000000605400000, 0x0000000605800000, 0x0000000605800000|100%| O|  |TAMS 0x0000000605400000| PB 0x0000000605400000| Untracked 
|  22|0x0000000605800000, 0x0000000605c00000, 0x0000000605c00000|100%| O|  |TAMS 0x0000000605800000| PB 0x0000000605800000| Untracked 
|  23|0x0000000605c00000, 0x0000000606000000, 0x0000000606000000|100%| O|  |TAMS 0x0000000605c00000| PB 0x0000000605c00000| Untracked 
|  24|0x0000000606000000, 0x0000000606400000, 0x0000000606400000|100%| O|  |TAMS 0x0000000606000000| PB 0x0000000606000000| Untracked 
|  25|0x0000000606400000, 0x0000000606445860, 0x0000000606800000|  6%| O|  |TAMS 0x0000000606400000| PB 0x0000000606400000| Untracked 
|  26|0x0000000606800000, 0x0000000606800000, 0x0000000606c00000|  0%| F|  |TAMS 0x0000000606800000| PB 0x0000000606800000| Untracked 
|  27|0x0000000606c00000, 0x0000000606c00000, 0x0000000607000000|  0%| F|  |TAMS 0x0000000606c00000| PB 0x0000000606c00000| Untracked 
|  28|0x0000000607000000, 0x0000000607000000, 0x0000000607400000|  0%| F|  |TAMS 0x0000000607000000| PB 0x0000000607000000| Untracked 
|  29|0x0000000607400000, 0x0000000607400000, 0x0000000607800000|  0%| F|  |TAMS 0x0000000607400000| PB 0x0000000607400000| Untracked 
|  30|0x0000000607800000, 0x0000000607800000, 0x0000000607c00000|  0%| F|  |TAMS 0x0000000607800000| PB 0x0000000607800000| Untracked 
|  31|0x0000000607c00000, 0x0000000607c00000, 0x0000000608000000|  0%| F|  |TAMS 0x0000000607c00000| PB 0x0000000607c00000| Untracked 
|  32|0x0000000608000000, 0x00000006081ac1b0, 0x0000000608400000| 41%| E|  |TAMS 0x0000000608000000| PB 0x0000000608000000| Complete 
|  33|0x0000000608400000, 0x000000060853f758, 0x0000000608800000| 31%| S|CS|TAMS 0x0000000608400000| PB 0x0000000608400000| Complete 
|  34|0x0000000608800000, 0x0000000608c00000, 0x0000000608c00000|100%| S|CS|TAMS 0x0000000608800000| PB 0x0000000608800000| Complete 
|  35|0x0000000608c00000, 0x0000000609000000, 0x0000000609000000|100%| E|CS|TAMS 0x0000000608c00000| PB 0x0000000608c00000| Complete 
|  36|0x0000000609000000, 0x0000000609400000, 0x0000000609400000|100%| E|CS|TAMS 0x0000000609000000| PB 0x0000000609000000| Complete 
|  37|0x0000000609400000, 0x0000000609800000, 0x0000000609800000|100%| E|CS|TAMS 0x0000000609400000| PB 0x0000000609400000| Complete 
|  38|0x0000000609800000, 0x0000000609c00000, 0x0000000609c00000|100%| E|CS|TAMS 0x0000000609800000| PB 0x0000000609800000| Complete 
|  39|0x0000000609c00000, 0x000000060a000000, 0x000000060a000000|100%| E|CS|TAMS 0x0000000609c00000| PB 0x0000000609c00000| Complete 
|  40|0x000000060a000000, 0x000000060a400000, 0x000000060a400000|100%| E|CS|TAMS 0x000000060a000000| PB 0x000000060a000000| Complete 
|  41|0x000000060a400000, 0x000000060a800000, 0x000000060a800000|100%| E|CS|TAMS 0x000000060a400000| PB 0x000000060a400000| Complete 
|  42|0x000000060a800000, 0x000000060ac00000, 0x000000060ac00000|100%| E|CS|TAMS 0x000000060a800000| PB 0x000000060a800000| Complete 
|  43|0x000000060ac00000, 0x000000060b000000, 0x000000060b000000|100%| E|CS|TAMS 0x000000060ac00000| PB 0x000000060ac00000| Complete 
|  44|0x000000060b000000, 0x000000060b400000, 0x000000060b400000|100%| E|CS|TAMS 0x000000060b000000| PB 0x000000060b000000| Complete 
|  45|0x000000060b400000, 0x000000060b800000, 0x000000060b800000|100%| E|CS|TAMS 0x000000060b400000| PB 0x000000060b400000| Complete 
|  61|0x000000060f400000, 0x000000060f800000, 0x000000060f800000|100%| E|CS|TAMS 0x000000060f400000| PB 0x000000060f400000| Complete 
|2043|0x00000007fec00000, 0x00000007ff000000, 0x00000007ff000000|100%| O|Cm|TAMS 0x00000007fec00000| PB 0x00000007fec00000| Complete 
|2044|0x00000007ff000000, 0x00000007ff400000, 0x00000007ff400000|100%| E|CS|TAMS 0x00000007ff000000| PB 0x00000007ff000000| Complete 
|2045|0x00000007ff400000, 0x00000007ff800000, 0x00000007ff800000|100%| O|  |TAMS 0x00000007ff400000| PB 0x00000007ff400000| Untracked 
|2046|0x00000007ff800000, 0x00000007ffc00000, 0x00000007ffc00000|100%| O|  |TAMS 0x00000007ff800000| PB 0x00000007ff800000| Untracked 
|2047|0x00000007ffc00000, 0x0000000800000000, 0x0000000800000000|100%| O|  |TAMS 0x00000007ffc00000| PB 0x00000007ffc00000| Untracked 

Card table byte_map: [0x000001d877150000,0x000001d878150000] _byte_map_base: 0x000001d874150000

Marking Bits: (CMBitMap*) 0x000001d870b5cea0
 Bits: [0x000001d820000000, 0x000001d828000000)

Polling page: 0x000001d870840000

Metaspace:

Usage:
  Non-class:     88.17 MB used.
      Class:     14.74 MB used.
       Both:    102.91 MB used.

Virtual space:
  Non-class space:      128.00 MB reserved,      89.38 MB ( 70%) committed,  2 nodes.
      Class space:        1.00 GB reserved,      15.94 MB (  2%) committed,  1 nodes.
             Both:        1.12 GB reserved,     105.31 MB (  9%) committed. 

Chunk freelists:
   Non-Class:  6.48 MB
       Class:  15.91 MB
        Both:  22.39 MB

MaxMetaspaceSize: 4.00 GB
CompressedClassSpaceSize: 1.00 GB
Initial GC threshold: 21.00 MB
Current GC threshold: 163.44 MB
CDS: on
 - commit_granule_bytes: 65536.
 - commit_granule_words: 8192.
 - virtual_space_node_default_size: 8388608.
 - enlarge_chunks_in_place: 1.
 - use_allocation_guard: 0.


Internal statistics:

num_allocs_failed_limit: 12.
num_arena_births: 4548.
num_arena_deaths: 0.
num_vsnodes_births: 3.
num_vsnodes_deaths: 0.
num_space_committed: 1685.
num_space_uncommitted: 0.
num_chunks_returned_to_freelist: 12.
num_chunks_taken_from_freelist: 9560.
num_chunk_merges: 9.
num_chunk_splits: 6221.
num_chunks_enlarged: 3872.
num_inconsistent_stats: 0.

CodeHeap 'non-profiled nmethods': size=259264Kb used=6678Kb max_used=6678Kb free=252585Kb
 bounds [0x000001d8102d0000, 0x000001d810960000, 0x000001d820000000]
CodeHeap 'profiled nmethods': size=259264Kb used=21579Kb max_used=21579Kb free=237684Kb
 bounds [0x000001d800000000, 0x000001d801520000, 0x000001d80fd30000]
CodeHeap 'non-nmethods': size=5760Kb used=2797Kb max_used=2814Kb free=2962Kb
 bounds [0x000001d80fd30000, 0x000001d810000000, 0x000001d8102d0000]
CodeCache: size=524288Kb, used=31054Kb, max_used=31071Kb, free=493231Kb
 total_blobs=12292, nmethods=11243, adapters=953, full_count=0
Compilation: enabled, stopped_count=0, restarted_count=0

Compilation events (20 events):
Event: 36.530 Thread 0x000001d87f045130 nmethod 13413 0x000001d801507f10 code [0x000001d8015080e0, 0x000001d801508390]
Event: 36.530 Thread 0x000001d87f045130 13414       3       jdk.internal.reflect.ReflectionFactory::newFieldAccessor (93 bytes)
Event: 36.531 Thread 0x000001d87f045130 nmethod 13414 0x000001d801508490 code [0x000001d8015086a0, 0x000001d801508d10]
Event: 36.531 Thread 0x000001d87f045130 13415       3       java.lang.reflect.Field::getRoot (5 bytes)
Event: 36.531 Thread 0x000001d87f045130 nmethod 13415 0x000001d801508f90 code [0x000001d801509120, 0x000001d801509248]
Event: 36.531 Thread 0x000001d87f045130 13416       3       jdk.internal.reflect.ReflectionFactory::useFieldHandleAccessor (18 bytes)
Event: 36.531 Thread 0x000001d87f045130 nmethod 13416 0x000001d801509310 code [0x000001d8015094c0, 0x000001d801509640]
Event: 36.538 Thread 0x000001d86f76fa40 nmethod 13412 0x000001d81094ce10 code [0x000001d81094cfe0, 0x000001d81094dab8]
Event: 36.541 Thread 0x000001d86f76fa40 13417       4       sun.reflect.annotation.AnnotationParser::parseSig (62 bytes)
Event: 36.542 Thread 0x000001d87f045130 13418       1       org.gradle.model.internal.type.ParameterizedTypeWrapper::getActualTypeArguments (5 bytes)
Event: 36.542 Thread 0x000001d87f045130 nmethod 13418 0x000001d8104ab510 code [0x000001d8104ab6a0, 0x000001d8104ab770]
Event: 36.546 Thread 0x000001d86f76fa40 nmethod 13417 0x000001d81094de90 code [0x000001d81094e0a0, 0x000001d81094e740]
Event: 36.547 Thread 0x000001d87f045130 13419       3       org.gradle.api.internal.collections.IterationOrderRetainingSetElementSource::iterator (20 bytes)
Event: 36.547 Thread 0x000001d87f045130 nmethod 13419 0x000001d801509710 code [0x000001d8015098e0, 0x000001d801509c08]
Event: 36.547 Thread 0x000001d87f045130 13420       3       kotlin.UnsafeLazyImpl::getValue (37 bytes)
Event: 36.548 Thread 0x000001d87f045130 nmethod 13420 0x000001d801509d10 code [0x000001d801509f40, 0x000001d80150a658]
Event: 36.548 Thread 0x000001d87f045130 13421       3       org.gradle.plugin.use.internal.DefaultPluginId::unvalidated (9 bytes)
Event: 36.548 Thread 0x000001d87f045130 nmethod 13421 0x000001d80150a890 code [0x000001d80150aa40, 0x000001d80150aca8]
Event: 36.548 Thread 0x000001d87f045130 13422       1       com.android.build.api.component.impl.ComponentImpl::getGlobal (5 bytes)
Event: 36.548 Thread 0x000001d87f045130 nmethod 13422 0x000001d8104ab210 code [0x000001d8104ab3a0, 0x000001d8104ab470]

GC Heap History (20 events):
Event: 30.051 GC heap before
{Heap before GC invocations=27 (full 0):
 garbage-first heap   total 151552K, used 121717K [0x0000000600000000, 0x0000000800000000)
  region size 4096K, 11 young (45056K), 2 survivors (8192K)
 Metaspace       used 78919K, committed 81088K, reserved 1179648K
  class space    used 11492K, committed 12544K, reserved 1048576K
}
Event: 30.055 GC heap after
{Heap after GC invocations=28 (full 0):
 garbage-first heap   total 151552K, used 86105K [0x0000000600000000, 0x0000000800000000)
  region size 4096K, 2 young (8192K), 2 survivors (8192K)
 Metaspace       used 78919K, committed 81088K, reserved 1179648K
  class space    used 11492K, committed 12544K, reserved 1048576K
}
Event: 31.190 GC heap before
{Heap before GC invocations=28 (full 0):
 garbage-first heap   total 151552K, used 131161K [0x0000000600000000, 0x0000000800000000)
  region size 4096K, 14 young (57344K), 2 survivors (8192K)
 Metaspace       used 79157K, committed 81280K, reserved 1179648K
  class space    used 11515K, committed 12544K, reserved 1048576K
}
Event: 31.194 GC heap after
{Heap after GC invocations=29 (full 0):
 garbage-first heap   total 155648K, used 91446K [0x0000000600000000, 0x0000000800000000)
  region size 4096K, 2 young (8192K), 2 survivors (8192K)
 Metaspace       used 79157K, committed 81280K, reserved 1179648K
  class space    used 11515K, committed 12544K, reserved 1048576K
}
Event: 32.459 GC heap before
{Heap before GC invocations=29 (full 0):
 garbage-first heap   total 155648K, used 132406K [0x0000000600000000, 0x0000000800000000)
  region size 4096K, 13 young (53248K), 2 survivors (8192K)
 Metaspace       used 80865K, committed 83072K, reserved 1179648K
  class space    used 11707K, committed 12800K, reserved 1048576K
}
Event: 32.464 GC heap after
{Heap after GC invocations=30 (full 0):
 garbage-first heap   total 159744K, used 105437K [0x0000000600000000, 0x0000000800000000)
  region size 4096K, 2 young (8192K), 2 survivors (8192K)
 Metaspace       used 80865K, committed 83072K, reserved 1179648K
  class space    used 11707K, committed 12800K, reserved 1048576K
}
Event: 32.722 GC heap before
{Heap before GC invocations=31 (full 0):
 garbage-first heap   total 180224K, used 134109K [0x0000000600000000, 0x0000000800000000)
  region size 4096K, 10 young (40960K), 2 survivors (8192K)
 Metaspace       used 83965K, committed 86336K, reserved 1179648K
  class space    used 12063K, committed 13248K, reserved 1048576K
}
Event: 32.724 GC heap after
{Heap after GC invocations=32 (full 0):
 garbage-first heap   total 180224K, used 107100K [0x0000000600000000, 0x0000000800000000)
  region size 4096K, 1 young (4096K), 1 survivors (4096K)
 Metaspace       used 83965K, committed 86336K, reserved 1179648K
  class space    used 12063K, committed 13248K, reserved 1048576K
}
Event: 33.059 GC heap before
{Heap before GC invocations=32 (full 0):
 garbage-first heap   total 180224K, used 148060K [0x0000000600000000, 0x0000000800000000)
  region size 4096K, 12 young (49152K), 1 survivors (4096K)
 Metaspace       used 86998K, committed 89344K, reserved 1179648K
  class space    used 12437K, committed 13568K, reserved 1048576K
}
Event: 33.063 GC heap after
{Heap after GC invocations=33 (full 0):
 garbage-first heap   total 180224K, used 111643K [0x0000000600000000, 0x0000000800000000)
  region size 4096K, 2 young (8192K), 2 survivors (8192K)
 Metaspace       used 86998K, committed 89344K, reserved 1179648K
  class space    used 12437K, committed 13568K, reserved 1048576K
}
Event: 33.603 GC heap before
{Heap before GC invocations=33 (full 0):
 garbage-first heap   total 180224K, used 152603K [0x0000000600000000, 0x0000000800000000)
  region size 4096K, 12 young (49152K), 2 survivors (8192K)
 Metaspace       used 89958K, committed 92224K, reserved 1179648K
  class space    used 12819K, committed 13952K, reserved 1048576K
}
Event: 33.607 GC heap after
{Heap after GC invocations=34 (full 0):
 garbage-first heap   total 180224K, used 114680K [0x0000000600000000, 0x0000000800000000)
  region size 4096K, 1 young (4096K), 1 survivors (4096K)
 Metaspace       used 89958K, committed 92224K, reserved 1179648K
  class space    used 12819K, committed 13952K, reserved 1048576K
}
Event: 33.939 GC heap before
{Heap before GC invocations=35 (full 0):
 garbage-first heap   total 200704K, used 155640K [0x0000000600000000, 0x0000000800000000)
  region size 4096K, 11 young (45056K), 1 survivors (4096K)
 Metaspace       used 92357K, committed 94720K, reserved 1179648K
  class space    used 13149K, committed 14336K, reserved 1048576K
}
Event: 33.941 GC heap after
{Heap after GC invocations=36 (full 0):
 garbage-first heap   total 200704K, used 117199K [0x0000000600000000, 0x0000000800000000)
  region size 4096K, 2 young (8192K), 2 survivors (8192K)
 Metaspace       used 92357K, committed 94720K, reserved 1179648K
  class space    used 13149K, committed 14336K, reserved 1048576K
}
Event: 34.468 GC heap before
{Heap before GC invocations=36 (full 0):
 garbage-first heap   total 200704K, used 170447K [0x0000000600000000, 0x0000000800000000)
  region size 4096K, 15 young (61440K), 2 survivors (8192K)
 Metaspace       used 95605K, committed 97984K, reserved 1179648K
  class space    used 13610K, committed 14784K, reserved 1048576K
}
Event: 34.473 GC heap after
{Heap after GC invocations=37 (full 0):
 garbage-first heap   total 200704K, used 120624K [0x0000000600000000, 0x0000000800000000)
  region size 4096K, 2 young (8192K), 2 survivors (8192K)
 Metaspace       used 95605K, committed 97984K, reserved 1179648K
  class space    used 13610K, committed 14784K, reserved 1048576K
}
Event: 35.257 GC heap before
{Heap before GC invocations=37 (full 0):
 garbage-first heap   total 200704K, used 173872K [0x0000000600000000, 0x0000000800000000)
  region size 4096K, 15 young (61440K), 2 survivors (8192K)
 Metaspace       used 97720K, committed 100160K, reserved 1179648K
  class space    used 13901K, committed 15104K, reserved 1048576K
}
Event: 35.263 GC heap after
{Heap after GC invocations=38 (full 0):
 garbage-first heap   total 200704K, used 123158K [0x0000000600000000, 0x0000000800000000)
  region size 4096K, 1 young (4096K), 1 survivors (4096K)
 Metaspace       used 97720K, committed 100160K, reserved 1179648K
  class space    used 13901K, committed 15104K, reserved 1048576K
}
Event: 35.829 GC heap before
{Heap before GC invocations=39 (full 0):
 garbage-first heap   total 212992K, used 176406K [0x0000000600000000, 0x0000000800000000)
  region size 4096K, 14 young (57344K), 1 survivors (4096K)
 Metaspace       used 101716K, committed 104128K, reserved 1179648K
  class space    used 14601K, committed 15808K, reserved 1048576K
}
Event: 35.831 GC heap after
{Heap after GC invocations=40 (full 0):
 garbage-first heap   total 212992K, used 124435K [0x0000000600000000, 0x0000000800000000)
  region size 4096K, 2 young (8192K), 2 survivors (8192K)
 Metaspace       used 101716K, committed 104128K, reserved 1179648K
  class space    used 14601K, committed 15808K, reserved 1048576K
}

Dll operation events (15 events):
Event: 0.009 Loaded shared library C:\Users\offic\.vscode\extensions\redhat.java-1.54.0-win32-x64\jre\21.0.10-win32-x86_64\bin\java.dll
Event: 0.060 Loaded shared library C:\Users\offic\.vscode\extensions\redhat.java-1.54.0-win32-x64\jre\21.0.10-win32-x86_64\bin\zip.dll
Event: 0.074 Loaded shared library C:\Users\offic\.vscode\extensions\redhat.java-1.54.0-win32-x64\jre\21.0.10-win32-x86_64\bin\instrument.dll
Event: 0.078 Loaded shared library C:\Users\offic\.vscode\extensions\redhat.java-1.54.0-win32-x64\jre\21.0.10-win32-x86_64\bin\net.dll
Event: 0.079 Loaded shared library C:\Users\offic\.vscode\extensions\redhat.java-1.54.0-win32-x64\jre\21.0.10-win32-x86_64\bin\nio.dll
Event: 0.081 Loaded shared library C:\Users\offic\.vscode\extensions\redhat.java-1.54.0-win32-x64\jre\21.0.10-win32-x86_64\bin\zip.dll
Event: 0.258 Loaded shared library C:\Users\offic\.vscode\extensions\redhat.java-1.54.0-win32-x64\jre\21.0.10-win32-x86_64\bin\jimage.dll
Event: 0.359 Loaded shared library C:\Users\offic\.vscode\extensions\redhat.java-1.54.0-win32-x64\jre\21.0.10-win32-x86_64\bin\verify.dll
Event: 0.428 Loaded shared library C:\Users\offic\.gradle\native\1def1411415f61bf3af743bc5b6707747c0891f09f0c88961ee8f79bc544acac\windows-amd64\native-platform.dll
Event: 0.548 Loaded shared library C:\Users\offic\.gradle\native\0.2.7\x86_64-windows-gnu\gradle-fileevents.dll
Event: 1.346 Loaded shared library C:\Users\offic\.vscode\extensions\redhat.java-1.54.0-win32-x64\jre\21.0.10-win32-x86_64\bin\management.dll
Event: 1.351 Loaded shared library C:\Users\offic\.vscode\extensions\redhat.java-1.54.0-win32-x64\jre\21.0.10-win32-x86_64\bin\management_ext.dll
Event: 1.470 Loaded shared library C:\Users\offic\.vscode\extensions\redhat.java-1.54.0-win32-x64\jre\21.0.10-win32-x86_64\bin\extnet.dll
Event: 1.684 Loaded shared library C:\Users\offic\.vscode\extensions\redhat.java-1.54.0-win32-x64\jre\21.0.10-win32-x86_64\bin\sunmscapi.dll
Event: 13.078 Loaded shared library C:\Users\offic\.vscode\extensions\redhat.java-1.54.0-win32-x64\jre\21.0.10-win32-x86_64\bin\rmi.dll

Deoptimization events (20 events):
Event: 36.144 Thread 0x000001d86a024960 DEOPT PACKING pc=0x000001d8106082bc sp=0x00000078c3cf66c0
Event: 36.144 Thread 0x000001d86a024960 DEOPT UNPACKING pc=0x000001d80fd84422 sp=0x00000078c3cf6620 mode 2
Event: 36.215 Thread 0x000001d86a024960 Uncommon trap: trap_request=0xffffff45 fr.pc=0x000001d8106cf29c relative=0x000000000000037c
Event: 36.215 Thread 0x000001d86a024960 Uncommon trap: reason=unstable_if action=reinterpret pc=0x000001d8106cf29c method=com.google.gson.stream.JsonReader.doPeek()I @ 528 c2
Event: 36.215 Thread 0x000001d86a024960 DEOPT PACKING pc=0x000001d8106cf29c sp=0x00000078c3cf5fb0
Event: 36.215 Thread 0x000001d86a024960 DEOPT UNPACKING pc=0x000001d80fd84422 sp=0x00000078c3cf5f30 mode 2
Event: 36.302 Thread 0x000001d86a024960 DEOPT PACKING pc=0x000001d800460ea7 sp=0x00000078c3cf64c0
Event: 36.302 Thread 0x000001d86a024960 DEOPT UNPACKING pc=0x000001d80fd84bc2 sp=0x00000078c3cf59a8 mode 0
Event: 36.325 Thread 0x000001d86a024960 DEOPT PACKING pc=0x000001d800460ea7 sp=0x00000078c3cf63f0
Event: 36.325 Thread 0x000001d86a024960 DEOPT UNPACKING pc=0x000001d80fd84bc2 sp=0x00000078c3cf58c8 mode 0
Event: 36.347 Thread 0x000001d86a024960 DEOPT PACKING pc=0x000001d800460ea7 sp=0x00000078c3cf6380
Event: 36.347 Thread 0x000001d86a024960 DEOPT UNPACKING pc=0x000001d80fd84bc2 sp=0x00000078c3cf5858 mode 0
Event: 36.364 Thread 0x000001d86a024960 DEOPT PACKING pc=0x000001d8004bee49 sp=0x00000078c3cf63f0
Event: 36.364 Thread 0x000001d86a024960 DEOPT UNPACKING pc=0x000001d80fd84bc2 sp=0x00000078c3cf58f0 mode 0
Event: 36.367 Thread 0x000001d86a024960 DEOPT PACKING pc=0x000001d800460ea7 sp=0x00000078c3cf6050
Event: 36.367 Thread 0x000001d86a024960 DEOPT UNPACKING pc=0x000001d80fd84bc2 sp=0x00000078c3cf5528 mode 0
Event: 36.395 Thread 0x000001d86a024960 Uncommon trap: trap_request=0xffffff45 fr.pc=0x000001d810306ff8 relative=0x0000000000000398
Event: 36.395 Thread 0x000001d86a024960 Uncommon trap: reason=unstable_if action=reinterpret pc=0x000001d810306ff8 method=java.lang.StringLatin1.toLowerCase(Ljava/lang/String;[BLjava/util/Locale;)Ljava/lang/String; @ 43 c2
Event: 36.395 Thread 0x000001d86a024960 DEOPT PACKING pc=0x000001d810306ff8 sp=0x00000078c3cf6530
Event: 36.395 Thread 0x000001d86a024960 DEOPT UNPACKING pc=0x000001d80fd84422 sp=0x00000078c3cf6368 mode 2

Classes loaded (20 events):
Event: 34.220 Loading class java/util/AbstractMap$2$1
Event: 34.220 Loading class java/util/AbstractMap$2$1 done
Event: 34.220 Loading class java/io/Console$1
Event: 34.220 Loading class jdk/internal/access/JavaIOAccess
Event: 34.220 Loading class jdk/internal/access/JavaIOAccess done
Event: 34.220 Loading class java/io/Console$1 done
Event: 35.400 Loading class java/util/concurrent/atomic/AtomicIntegerArray
Event: 35.400 Loading class java/util/concurrent/atomic/AtomicIntegerArray done
Event: 35.401 Loading class java/util/Currency
Event: 35.402 Loading class java/util/Currency done
Event: 35.404 Loading class java/util/concurrent/atomic/AtomicLongArray
Event: 35.404 Loading class java/util/concurrent/atomic/AtomicLongArray done
Event: 35.423 Loading class sun/reflect/generics/repository/FieldRepository
Event: 35.423 Loading class sun/reflect/generics/repository/FieldRepository done
Event: 35.432 Loading class jdk/internal/vm/annotation/ForceInline
Event: 35.435 Loading class jdk/internal/vm/annotation/ForceInline done
Event: 35.481 Loading class java/util/regex/Pattern$Caret
Event: 35.481 Loading class java/util/regex/Pattern$Caret done
Event: 36.206 Loading class java/io/FileReader
Event: 36.206 Loading class java/io/FileReader done

Classes unloaded (0 events):
No events

Classes redefined (0 events):
No events

Internal exceptions (20 events):
Event: 34.297 Thread 0x000001d86a024960 Exception <a 'java/lang/ClassNotFoundException'{0x000000060892bb88}: org/gradle/api/plugins/BasePluginConventionBeanInfo> (0x000000060892bb88) 
thrown [s\src\hotspot\share\classfile\systemDictionary.cpp, line 312]
Event: 34.297 Thread 0x000001d86a024960 Exception <a 'java/lang/ClassNotFoundException'{0x00000006089454d8}: org/gradle/api/plugins/BasePluginConventionCustomizer> (0x00000006089454d8) 
thrown [s\src\hotspot\share\classfile\systemDictionary.cpp, line 312]
Event: 34.298 Thread 0x000001d86a024960 Exception <a 'java/lang/ClassNotFoundException'{0x000000060896a790}: org/gradle/api/internal/plugins/NaggingBasePluginConventionCustomizer> (0x000000060896a790) 
thrown [s\src\hotspot\share\classfile\systemDictionary.cpp, line 312]
Event: 34.300 Thread 0x000001d86a024960 Exception <a 'java/lang/ClassNotFoundException'{0x00000006089b7288}: org/gradle/api/plugins/internal/NaggingJavaPluginConventionBeanInfo> (0x00000006089b7288) 
thrown [s\src\hotspot\share\classfile\systemDictionary.cpp, line 312]
Event: 34.301 Thread 0x000001d86a024960 Exception <a 'java/lang/ClassNotFoundException'{0x00000006089d0c10}: org/gradle/api/plugins/JavaPluginConventionBeanInfo> (0x00000006089d0c10) 
thrown [s\src\hotspot\share\classfile\systemDictionary.cpp, line 312]
Event: 34.301 Thread 0x000001d86a024960 Exception <a 'java/lang/ClassNotFoundException'{0x00000006089ea558}: org/gradle/api/plugins/JavaPluginConventionCustomizer> (0x00000006089ea558) 
thrown [s\src\hotspot\share\classfile\systemDictionary.cpp, line 312]
Event: 34.302 Thread 0x000001d86a024960 Exception <a 'java/lang/ClassNotFoundException'{0x0000000608a192c8}: org/gradle/api/plugins/internal/NaggingJavaPluginConventionCustomizer> (0x0000000608a192c8) 
thrown [s\src\hotspot\share\classfile\systemDictionary.cpp, line 312]
Event: 34.306 Thread 0x000001d86a024960 Exception <a 'java/lang/ClassNotFoundException'{0x0000000608a92400}: org/gradle/plugin/software/internal/SoftwareFeaturesDynamicObject_DecoratedBeanInfo> (0x0000000608a92400) 
thrown [s\src\hotspot\share\classfile\systemDictionary.cpp, line 312]
Event: 34.307 Thread 0x000001d86a024960 Exception <a 'java/lang/ClassNotFoundException'{0x0000000608aaa0a0}: org/gradle/plugin/software/internal/SoftwareFeaturesDynamicObjectBeanInfo> (0x0000000608aaa0a0) 
thrown [s\src\hotspot\share\classfile\systemDictionary.cpp, line 312]
Event: 34.307 Thread 0x000001d86a024960 Exception <a 'java/lang/ClassNotFoundException'{0x0000000608ac1760}: org/gradle/internal/metaobject/AbstractDynamicObjectBeanInfo> (0x0000000608ac1760) 
thrown [s\src\hotspot\share\classfile\systemDictionary.cpp, line 312]
Event: 34.308 Thread 0x000001d86a024960 Exception <a 'java/lang/ClassNotFoundException'{0x0000000608ad9140}: org/gradle/internal/metaobject/AbstractDynamicObjectCustomizer> (0x0000000608ad9140) 
thrown [s\src\hotspot\share\classfile\systemDictionary.cpp, line 312]
Event: 34.309 Thread 0x000001d86a024960 Exception <a 'java/lang/ClassNotFoundException'{0x0000000608afd4e8}: org/gradle/plugin/software/internal/SoftwareFeaturesDynamicObjectCustomizer> (0x0000000608afd4e8) 
thrown [s\src\hotspot\share\classfile\systemDictionary.cpp, line 312]
Event: 34.309 Thread 0x000001d86a024960 Exception <a 'java/lang/ClassNotFoundException'{0x0000000608b1c900}: org/gradle/plugin/software/internal/SoftwareFeaturesDynamicObject_DecoratedCustomizer> (0x0000000608b1c900) 
thrown [s\src\hotspot\share\classfile\systemDictionary.cpp, line 312]
Event: 34.312 Thread 0x000001d86a024960 Exception <a 'java/lang/NoSuchMethodError'{0x0000000608b5e898}: 'java.lang.Object java.lang.invoke.DirectMethodHandle$Holder.newInvokeSpecial(java.lang.Object, java.lang.Object, java.lang.Object, java.lang.Object, java.lang.Object, java.lang.Object, java.lang.Object, java.lang.Object, java.lang.Object, java.lang.Object, java.lang.Object, java.lang.Object, java.lang.Object, java.lang.Object, java.lang.Object, java.lang.Object, java.lang.Object, java.lang.Object)'> (0x0000000608b5e898) 
thrown [s\src\hotspot
Event: 34.313 Thread 0x000001d86a024960 Exception <a 'java/lang/NoSuchMethodError'{0x0000000608b65bb0}: 'java.lang.Object java.lang.invoke.DirectMethodHandle$Holder.invokeSpecial(java.lang.Object, java.lang.Object, java.lang.Object, java.lang.Object, java.lang.Object, java.lang.Object, java.lang.Object, java.lang.Object, java.lang.Object, java.lang.Object, java.lang.Object, java.lang.Object, java.lang.Object, java.lang.Object, java.lang.Object, java.lang.Object, java.lang.Object, java.lang.Object, java.lang.Object)'> (0x0000000608b65bb0) 
thrown
Event: 34.313 Thread 0x000001d86a024960 Exception <a 'java/lang/NoSuchMethodError'{0x0000000608b6bf70}: 'java.lang.Object java.lang.invoke.DelegatingMethodHandle$Holder.reinvoke_L(java.lang.Object, java.lang.Object, java.lang.Object, java.lang.Object, java.lang.Object, java.lang.Object, java.lang.Object, java.lang.Object, java.lang.Object, java.lang.Object, java.lang.Object, java.lang.Object, java.lang.Object, java.lang.Object, java.lang.Object, java.lang.Object, java.lang.Object, java.lang.Object)'> (0x0000000608b6bf70) 
thrown [s\src\hotspot\s
Event: 35.200 Thread 0x000001d86a024960 Exception <a 'java/lang/NoSuchMethodError'{0x000000060853e018}: 'java.lang.Object java.lang.invoke.DirectMethodHandle$Holder.newInvokeSpecial(java.lang.Object, java.lang.Object, java.lang.Object, java.lang.Object, java.lang.Object, java.lang.Object, java.lang.Object, java.lang.Object, java.lang.Object, java.lang.Object, java.lang.Object, java.lang.Object, java.lang.Object, java.lang.Object)'> (0x000000060853e018) 
thrown [s\src\hotspot\share\interpreter\linkResolver.cpp, line 773]
Event: 35.436 Thread 0x000001d86a024960 Exception <a 'java/lang/NoSuchMethodError'{0x000000060b2e3918}: 'void java.lang.invoke.Invokers$Holder.invokeExact_MT(java.lang.Object, java.lang.Object, java.lang.Object, java.lang.Object)'> (0x000000060b2e3918) 
thrown [s\src\hotspot\share\interpreter\linkResolver.cpp, line 773]
Event: 35.824 Thread 0x000001d86a024960 Implicit null exception at 0x000001d81039f2aa to 0x000001d8103a0f58
Event: 36.246 Thread 0x000001d86a024960 Exception <a 'java/lang/NoSuchMethodError'{0x000000060a53dee0}: 'void java.lang.invoke.Invokers$Holder.invokeExact_MT(java.lang.Object, java.lang.Object, int, java.lang.Object)'> (0x000000060a53dee0) 
thrown [s\src\hotspot\share\interpreter\linkResolver.cpp, line 773]

ZGC Phase Switch (0 events):
No events

VM Operations (20 events):
Event: 33.665 Executing safepoint VM operation: G1PauseCleanup
Event: 33.665 Executing safepoint VM operation: G1PauseCleanup done
Event: 33.938 Executing safepoint VM operation: G1CollectForAllocation (G1 Evacuation Pause)
Event: 33.941 Executing safepoint VM operation: G1CollectForAllocation (G1 Evacuation Pause) done
Event: 34.467 Executing safepoint VM operation: G1CollectForAllocation (G1 Evacuation Pause)
Event: 34.473 Executing safepoint VM operation: G1CollectForAllocation (G1 Evacuation Pause) done
Event: 35.165 Executing non-safepoint VM operation: HandshakeAllThreads (Deoptimize)
Event: 35.165 Executing non-safepoint VM operation: HandshakeAllThreads (Deoptimize) done
Event: 35.257 Executing safepoint VM operation: G1CollectForAllocation (G1 Evacuation Pause)
Event: 35.263 Executing safepoint VM operation: G1CollectForAllocation (G1 Evacuation Pause) done
Event: 35.319 Executing safepoint VM operation: G1PauseRemark
Event: 35.324 Executing safepoint VM operation: G1PauseRemark done
Event: 35.346 Executing safepoint VM operation: G1PauseCleanup
Event: 35.346 Executing safepoint VM operation: G1PauseCleanup done
Event: 35.829 Executing safepoint VM operation: G1CollectForAllocation (G1 Evacuation Pause)
Event: 35.832 Executing safepoint VM operation: G1CollectForAllocation (G1 Evacuation Pause) done
Event: 36.204 Executing non-safepoint VM operation: HandshakeAllThreads (Deoptimize)
Event: 36.204 Executing non-safepoint VM operation: HandshakeAllThreads (Deoptimize) done
Event: 36.207 Executing non-safepoint VM operation: HandshakeAllThreads (Deoptimize)
Event: 36.207 Executing non-safepoint VM operation: HandshakeAllThreads (Deoptimize) done

Memory protections (0 events):
No events

Nmethod flushes (20 events):
Event: 35.323 Thread 0x000001d8783b6890 flushing  nmethod 0x000001d8002ebb90
Event: 35.323 Thread 0x000001d8783b6890 flushing  nmethod 0x000001d8002f2410
Event: 35.323 Thread 0x000001d8783b6890 flushing  nmethod 0x000001d80041e290
Event: 35.323 Thread 0x000001d8783b6890 flushing  nmethod 0x000001d800690390
Event: 35.323 Thread 0x000001d8783b6890 flushing  nmethod 0x000001d80071a290
Event: 35.323 Thread 0x000001d8783b6890 flushing  nmethod 0x000001d800756210
Event: 35.323 Thread 0x000001d8783b6890 flushing  nmethod 0x000001d800b3af90
Event: 35.323 Thread 0x000001d8783b6890 flushing  nmethod 0x000001d800b9d890
Event: 35.323 Thread 0x000001d8783b6890 flushing  nmethod 0x000001d800c13e10
Event: 35.323 Thread 0x000001d8783b6890 flushing  nmethod 0x000001d8011bac10
Event: 35.323 Thread 0x000001d8783b6890 flushing  nmethod 0x000001d801225a90
Event: 35.323 Thread 0x000001d8783b6890 flushing  nmethod 0x000001d810452c10
Event: 35.323 Thread 0x000001d8783b6890 flushing  nmethod 0x000001d81070b690
Event: 35.323 Thread 0x000001d8783b6890 flushing  nmethod 0x000001d81085de90
Event: 35.323 Thread 0x000001d8783b6890 flushing  nmethod 0x000001d800091490
Event: 35.323 Thread 0x000001d8783b6890 flushing  nmethod 0x000001d8001abf90
Event: 35.323 Thread 0x000001d8783b6890 flushing  nmethod 0x000001d8004c2e10
Event: 35.323 Thread 0x000001d8783b6890 flushing  nmethod 0x000001d8004c3390
Event: 35.323 Thread 0x000001d8783b6890 flushing  nmethod 0x000001d8006d2810
Event: 35.323 Thread 0x000001d8783b6890 flushing  nmethod 0x000001d800c33b90

Events (20 events):
Event: 28.517 Thread 0x000001d86a024960 Thread added: 0x000001d86b6ef240
Event: 28.517 Thread 0x000001d86a024960 Thread added: 0x000001d86b6f4e20
Event: 28.517 Thread 0x000001d86a024960 Thread added: 0x000001d86b6f26c0
Event: 28.517 Thread 0x000001d86a024960 Thread added: 0x000001d86b6f2d50
Event: 28.517 Thread 0x000001d86a024960 Thread added: 0x000001d86b6f33e0
Event: 28.518 Thread 0x000001d86a024960 Thread added: 0x000001d86b6f3a70
Event: 28.518 Thread 0x000001d86a024960 Thread added: 0x000001d86b6f4100
Event: 28.518 Thread 0x000001d86a024960 Thread added: 0x000001d86b6f4790
Event: 28.518 Thread 0x000001d86a024960 Thread added: 0x000001d86b6f19a0
Event: 28.518 Thread 0x000001d86a024960 Thread added: 0x000001d86b6f61d0
Event: 30.649 Thread 0x000001d86d2f8e00 Thread exited: 0x000001d86d2f8e00
Event: 32.760 Thread 0x000001d87f045130 Thread added: 0x000001d87f2af890
Event: 32.880 Thread 0x000001d87f2af890 Thread added: 0x000001d86ab330a0
Event: 33.863 Thread 0x000001d86a024960 Thread added: 0x000001d86e4ea330
Event: 34.074 Thread 0x000001d86ab330a0 Thread exited: 0x000001d86ab330a0
Event: 34.098 Thread 0x000001d87f2af890 Thread exited: 0x000001d87f2af890
Event: 35.273 Thread 0x000001d87f002090 Thread added: 0x000001d86ab36df0
Event: 36.042 Thread 0x000001d86ab36df0 Thread exited: 0x000001d86ab36df0
Event: 36.326 Thread 0x000001d87f045130 Thread added: 0x000001d86f76f370
Event: 36.374 Thread 0x000001d87f045130 Thread added: 0x000001d86f76fa40


Dynamic libraries:
0x00007ff67c1d0000 - 0x00007ff67c1de000 	C:\Users\offic\.vscode\extensions\redhat.java-1.54.0-win32-x64\jre\21.0.10-win32-x86_64\bin\java.exe
0x00007ffa04a20000 - 0x00007ffa04c86000 	C:\WINDOWS\SYSTEM32\ntdll.dll
0x00007ffa03780000 - 0x00007ffa03849000 	C:\WINDOWS\System32\KERNEL32.DLL
0x00007ffa01d70000 - 0x00007ffa0216a000 	C:\WINDOWS\System32\KERNELBASE.dll
0x00007ffa02230000 - 0x00007ffa0237c000 	C:\WINDOWS\System32\ucrtbase.dll
0x00007ff9f1170000 - 0x00007ff9f118e000 	C:\Users\offic\.vscode\extensions\redhat.java-1.54.0-win32-x64\jre\21.0.10-win32-x86_64\bin\VCRUNTIME140.dll
0x00007ff9f1570000 - 0x00007ff9f1588000 	C:\Users\offic\.vscode\extensions\redhat.java-1.54.0-win32-x64\jre\21.0.10-win32-x86_64\bin\jli.dll
0x00007ffa04810000 - 0x00007ffa049d7000 	C:\WINDOWS\System32\USER32.dll
0x00007ff9eb850000 - 0x00007ff9ebae2000 	C:\WINDOWS\WinSxS\amd64_microsoft.windows.common-controls_6595b64144ccf1df_6.0.26100.8521_none_3e08b75ce33403b3\COMCTL32.dll
0x00007ffa01d40000 - 0x00007ffa01d67000 	C:\WINDOWS\System32\win32u.dll
0x00007ffa03200000 - 0x00007ffa0322b000 	C:\WINDOWS\System32\GDI32.dll
0x00007ffa039d0000 - 0x00007ffa03a79000 	C:\WINDOWS\System32\msvcrt.dll
0x00007ffa02660000 - 0x00007ffa0278b000 	C:\WINDOWS\System32\gdi32full.dll
0x00007ffa02430000 - 0x00007ffa024d3000 	C:\WINDOWS\System32\msvcp_win.dll
0x00007ffa03d10000 - 0x00007ffa03d42000 	C:\WINDOWS\System32\IMM32.DLL
0x00007ff9f5050000 - 0x00007ff9f505c000 	C:\Users\offic\.vscode\extensions\redhat.java-1.54.0-win32-x64\jre\21.0.10-win32-x86_64\bin\vcruntime140_1.dll
0x00007ff9d6850000 - 0x00007ff9d68dd000 	C:\Users\offic\.vscode\extensions\redhat.java-1.54.0-win32-x64\jre\21.0.10-win32-x86_64\bin\msvcp140.dll
0x00007ff955570000 - 0x00007ff956311000 	C:\Users\offic\.vscode\extensions\redhat.java-1.54.0-win32-x64\jre\21.0.10-win32-x86_64\bin\server\jvm.dll
0x00007ffa03d50000 - 0x00007ffa03e06000 	C:\WINDOWS\System32\ADVAPI32.dll
0x00007ffa03230000 - 0x00007ffa032da000 	C:\WINDOWS\System32\sechost.dll
0x00007ffa045c0000 - 0x00007ffa046d8000 	C:\WINDOWS\System32\RPCRT4.dll
0x00007ffa04090000 - 0x00007ffa04110000 	C:\WINDOWS\System32\WS2_32.dll
0x00007ffa01b10000 - 0x00007ffa01b6e000 	C:\WINDOWS\SYSTEM32\POWRPROF.dll
0x00007ff9f9d30000 - 0x00007ff9f9d3b000 	C:\WINDOWS\SYSTEM32\VERSION.dll
0x00007ff9f9c50000 - 0x00007ff9f9c86000 	C:\WINDOWS\SYSTEM32\WINMM.dll
0x00007ffa01af0000 - 0x00007ffa01b04000 	C:\WINDOWS\SYSTEM32\UMPDC.dll
0x00007ffa00a40000 - 0x00007ffa00a5b000 	C:\WINDOWS\SYSTEM32\kernel.appcore.dll
0x00007ff9f1f40000 - 0x00007ff9f1f4a000 	C:\Users\offic\.vscode\extensions\redhat.java-1.54.0-win32-x64\jre\21.0.10-win32-x86_64\bin\jimage.dll
0x00007ff9ff220000 - 0x00007ff9ff462000 	C:\WINDOWS\SYSTEM32\DBGHELP.DLL
0x00007ffa03330000 - 0x00007ffa036b3000 	C:\WINDOWS\System32\combase.dll
0x00007ffa03a80000 - 0x00007ffa03b59000 	C:\WINDOWS\System32\OLEAUT32.dll
0x00007ff9e78f0000 - 0x00007ff9e792b000 	C:\WINDOWS\SYSTEM32\dbgcore.DLL
0x00007ffa02380000 - 0x00007ffa02428000 	C:\WINDOWS\System32\bcryptPrimitives.dll
0x00007ff9ef030000 - 0x00007ff9ef03f000 	C:\Users\offic\.vscode\extensions\redhat.java-1.54.0-win32-x64\jre\21.0.10-win32-x86_64\bin\instrument.dll
0x00007ff9e5140000 - 0x00007ff9e5160000 	C:\Users\offic\.vscode\extensions\redhat.java-1.54.0-win32-x64\jre\21.0.10-win32-x86_64\bin\java.dll
0x00007ffa02a70000 - 0x00007ffa031f4000 	C:\WINDOWS\System32\SHELL32.dll
0x00007ff9ff890000 - 0x00007ffa00110000 	C:\WINDOWS\SYSTEM32\windows.storage.dll
0x00007ffa02810000 - 0x00007ffa02906000 	C:\WINDOWS\System32\SHCORE.dll
0x00007ffa047a0000 - 0x00007ffa04807000 	C:\WINDOWS\System32\shlwapi.dll
0x00007ffa01bd0000 - 0x00007ffa01bf9000 	C:\WINDOWS\SYSTEM32\profapi.dll
0x00007ff9f1020000 - 0x00007ff9f1038000 	C:\Users\offic\.vscode\extensions\redhat.java-1.54.0-win32-x64\jre\21.0.10-win32-x86_64\bin\zip.dll
0x00007ff9f1520000 - 0x00007ff9f1530000 	C:\Users\offic\.vscode\extensions\redhat.java-1.54.0-win32-x64\jre\21.0.10-win32-x86_64\bin\net.dll
0x00007ff9fa740000 - 0x00007ff9fa869000 	C:\WINDOWS\SYSTEM32\WINHTTP.dll
0x00007ffa00fb0000 - 0x00007ffa0101c000 	C:\WINDOWS\system32\mswsock.dll
0x00007ff9e07b0000 - 0x00007ff9e07c6000 	C:\Users\offic\.vscode\extensions\redhat.java-1.54.0-win32-x64\jre\21.0.10-win32-x86_64\bin\nio.dll
0x00007ff9eccc0000 - 0x00007ff9eccd0000 	C:\Users\offic\.vscode\extensions\redhat.java-1.54.0-win32-x64\jre\21.0.10-win32-x86_64\bin\verify.dll
0x00007ff9e0510000 - 0x00007ff9e0537000 	C:\Users\offic\.gradle\native\1def1411415f61bf3af743bc5b6707747c0891f09f0c88961ee8f79bc544acac\windows-amd64\native-platform.dll
0x00007ff9d5c70000 - 0x00007ff9d5ce8000 	C:\Users\offic\.gradle\native\0.2.7\x86_64-windows-gnu\gradle-fileevents.dll
0x00007ff9e52d0000 - 0x00007ff9e52da000 	C:\Users\offic\.vscode\extensions\redhat.java-1.54.0-win32-x64\jre\21.0.10-win32-x86_64\bin\management.dll
0x00007ff9e5280000 - 0x00007ff9e528c000 	C:\Users\offic\.vscode\extensions\redhat.java-1.54.0-win32-x64\jre\21.0.10-win32-x86_64\bin\management_ext.dll
0x00007ffa039b0000 - 0x00007ffa039b8000 	C:\WINDOWS\System32\PSAPI.DLL
0x00007ffa00490000 - 0x00007ffa004c3000 	C:\WINDOWS\SYSTEM32\IPHLPAPI.DLL
0x00007ffa039c0000 - 0x00007ffa039ca000 	C:\WINDOWS\System32\NSI.dll
0x00007ff9e5300000 - 0x00007ff9e5309000 	C:\Users\offic\.vscode\extensions\redhat.java-1.54.0-win32-x64\jre\21.0.10-win32-x86_64\bin\extnet.dll
0x00007ffa01290000 - 0x00007ffa012ab000 	C:\WINDOWS\SYSTEM32\CRYPTSP.dll
0x00007ffa009a0000 - 0x00007ffa009d9000 	C:\WINDOWS\system32\rsaenh.dll
0x00007ffa01060000 - 0x00007ffa01093000 	C:\WINDOWS\SYSTEM32\USERENV.dll
0x00007ffa01ba0000 - 0x00007ffa01bca000 	C:\WINDOWS\SYSTEM32\bcrypt.dll
0x00007ffa012b0000 - 0x00007ffa012bc000 	C:\WINDOWS\SYSTEM32\CRYPTBASE.dll
0x00007ff9e53f0000 - 0x00007ff9e53fe000 	C:\Users\offic\.vscode\extensions\redhat.java-1.54.0-win32-x64\jre\21.0.10-win32-x86_64\bin\sunmscapi.dll
0x00007ffa024e0000 - 0x00007ffa02658000 	C:\WINDOWS\System32\CRYPT32.dll
0x00007ffa014b0000 - 0x00007ffa014e0000 	C:\WINDOWS\SYSTEM32\ncrypt.dll
0x00007ffa01460000 - 0x00007ffa0149f000 	C:\WINDOWS\SYSTEM32\NTASN1.dll
0x00007ff9b74e0000 - 0x00007ff9b74e8000 	C:\WINDOWS\system32\wshunix.dll
0x00007ff9e7050000 - 0x00007ff9e7068000 	C:\WINDOWS\system32\napinsp.dll
0x00007ffa00530000 - 0x00007ffa0067a000 	C:\WINDOWS\SYSTEM32\DNSAPI.dll
0x00007ffa00dd0000 - 0x00007ffa00ddd000 	C:\WINDOWS\SYSTEM32\DSPARSE.dll
0x00007ff9e7030000 - 0x00007ff9e7043000 	C:\WINDOWS\System32\winrnr.dll
0x00007ff9e7000000 - 0x00007ff9e7022000 	C:\WINDOWS\system32\nlansp_c.dll
0x00007ff9f5760000 - 0x00007ff9f5776000 	C:\WINDOWS\system32\wshbth.dll
0x00007ff9f6c90000 - 0x00007ff9f6c9b000 	C:\Windows\System32\rasadhlp.dll
0x00007ff9fb3a0000 - 0x00007ff9fb426000 	C:\WINDOWS\System32\fwpuclnt.dll
0x00007ff9f59e0000 - 0x00007ff9f59e7000 	C:\Users\offic\.vscode\extensions\redhat.java-1.54.0-win32-x64\jre\21.0.10-win32-x86_64\bin\rmi.dll

JVMTI agents:
C:\Users\offic\.gradle\wrapper\dists\gradle-8.14-all\c2qonpi39x1mddn7hk5gh9iqj\gradle-8.14\lib\agents\gradle-instrumentation-agent-8.14.jar path:C:\Users\offic\.vscode\extensions\redhat.java-1.54.0-win32-x64\jre\21.0.10-win32-x86_64\bin\instrument.dll, loaded, initialized, instrumentlib options:none

dbghelp: loaded successfully - version: 4.0.5 - missing functions: none
symbol engine: initialized successfully - sym options: 0x614 - pdb path: .;C:\Users\offic\.vscode\extensions\redhat.java-1.54.0-win32-x64\jre\21.0.10-win32-x86_64\bin;C:\WINDOWS\SYSTEM32;C:\WINDOWS\WinSxS\amd64_microsoft.windows.common-controls_6595b64144ccf1df_6.0.26100.8521_none_3e08b75ce33403b3;C:\Users\offic\.vscode\extensions\redhat.java-1.54.0-win32-x64\jre\21.0.10-win32-x86_64\bin\server;C:\Users\offic\.gradle\native\1def1411415f61bf3af743bc5b6707747c0891f09f0c88961ee8f79bc544acac\windows-amd64;C:\Users\offic\.gradle\native\0.2.7\x86_64-windows-gnu

VM Arguments:
jvm_args: --add-opens=java.base/java.lang=ALL-UNNAMED --add-opens=java.base/java.lang.invoke=ALL-UNNAMED --add-opens=java.base/java.util=ALL-UNNAMED --add-opens=java.prefs/java.util.prefs=ALL-UNNAMED --add-exports=jdk.compiler/com.sun.tools.javac.api=ALL-UNNAMED --add-exports=jdk.compiler/com.sun.tools.javac.util=ALL-UNNAMED --add-opens=java.base/java.util=ALL-UNNAMED --add-opens=java.prefs/java.util.prefs=ALL-UNNAMED --add-opens=java.base/java.nio.charset=ALL-UNNAMED --add-opens=java.base/java.net=ALL-UNNAMED --add-opens=java.base/java.util.concurrent.atomic=ALL-UNNAMED --add-opens=java.xml/javax.xml.namespace=ALL-UNNAMED -XX:MaxMetaspaceSize=4G -XX:ReservedCodeCacheSize=512m -XX:+HeapDumpOnOutOfMemoryError -Xmx8G -Dfile.encoding=UTF-8 -Duser.country=US -Duser.language=en -Duser.variant -javaagent:C:\Users\offic\.gradle\wrapper\dists\gradle-8.14-all\c2qonpi39x1mddn7hk5gh9iqj\gradle-8.14\lib\agents\gradle-instrumentation-agent-8.14.jar 
java_command: org.gradle.launcher.daemon.bootstrap.GradleDaemon 8.14
java_class_path (initial): C:\Users\offic\.gradle\wrapper\dists\gradle-8.14-all\c2qonpi39x1mddn7hk5gh9iqj\gradle-8.14\lib\gradle-daemon-main-8.14.jar
Launcher Type: SUN_STANDARD

[Global flags]
     intx CICompilerCount                          = 4                                         {product} {ergonomic}
     uint ConcGCThreads                            = 3                                         {product} {ergonomic}
     uint G1ConcRefinementThreads                  = 10                                        {product} {ergonomic}
   size_t G1HeapRegionSize                         = 4194304                                   {product} {ergonomic}
    uintx GCDrainStackTargetSize                   = 64                                        {product} {ergonomic}
     bool HeapDumpOnOutOfMemoryError               = true                                   {manageable} {command line}
   size_t InitialHeapSize                          = 260046848                                 {product} {ergonomic}
   size_t MarkStackSize                            = 4194304                                   {product} {ergonomic}
   size_t MaxHeapSize                              = 8589934592                                {product} {command line}
   size_t MaxMetaspaceSize                         = 4294967296                                {product} {command line}
   size_t MaxNewSize                               = 5150605312                                {product} {ergonomic}
   size_t MinHeapDeltaBytes                        = 4194304                                   {product} {ergonomic}
   size_t MinHeapSize                              = 8388608                                   {product} {ergonomic}
    uintx NonNMethodCodeHeapSize                   = 5839372                                {pd product} {ergonomic}
    uintx NonProfiledCodeHeapSize                  = 265515770                              {pd product} {ergonomic}
    uintx ProfiledCodeHeapSize                     = 265515770                              {pd product} {ergonomic}
    uintx ReservedCodeCacheSize                    = 536870912                              {pd product} {command line}
     bool SegmentedCodeCache                       = true                                      {product} {ergonomic}
   size_t SoftMaxHeapSize                          = 8589934592                             {manageable} {ergonomic}
     bool UseCompressedOops                        = true                           {product lp64_product} {ergonomic}
     bool UseG1GC                                  = true                                      {product} {ergonomic}
     bool UseLargePagesIndividualAllocation        = false                                  {pd product} {ergonomic}

Logging:
Log output configuration:
 #0: stdout all=warning uptime,level,tags foldmultilines=false
 #1: stderr all=off uptime,level,tags foldmultilines=false

Release file:
JAVA_VERSION="21.0.10" 
MODULES="java.base java.compiler java.datatransfer java.xml java.prefs java.desktop java.instrument java.logging java.management java.security.sasl java.naming java.rmi java.management.rmi java.net.http java.scripting java.security.jgss java.transaction.xa java.sql java.sql.rowset java.xml.crypto java.se java.smartcardio jdk.accessibility jdk.internal.jvmstat jdk.attach jdk.charsets jdk.internal.opt jdk.zipfs jdk.compiler jdk.crypto.ec jdk.crypto.cryptoki jdk.crypto.mscapi jdk.dynalink jdk.internal.ed jdk.editpad jdk.hotspot.agent jdk.httpserver jdk.internal.le jdk.internal.vm.ci jdk.internal.vm.compiler jdk.internal.vm.compiler.management jdk.jartool jdk.javadoc jdk.jcmd jdk.management jdk.management.agent jdk.jconsole jdk.jdeps jdk.jdwp.agent jdk.jdi jdk.jfr jdk.jshell jdk.jsobject jdk.jstatd jdk.localedata jdk.management.jfr jdk.naming.dns jdk.naming.rmi jdk.net jdk.nio.mapmode jdk.random jdk.sctp jdk.security.auth jdk.security.jgss jdk.unsupported jdk.unsupported.desktop jdk.xml.dom" 

Environment Variables:
JAVA_HOME=C:\Program Files\Java\jdk-17
PATH=C:\Program Files\Java\jdk-17\bin;C:\laragons\bin\php\php-8.3.29-nts-Win32-vs16-x64\php.exe;C:\Program Files\Oculus\Support\oculus-runtime;C:\WINDOWS\system32;C:\WINDOWS;C:\WINDOWS\System32\Wbem;C:\WINDOWS\System32\WindowsPowerShell\v1.0\;C:\WINDOWS\System32\OpenSSH\;C:\MinGW\bin;C:\Program Files\nodejs\;C:\Program Files\Git\cmd;C:\Program Files\Git LFS;C:\Program Files (x86)\Windows Kits\10\Windows Performance Toolkit\;C:\Program Files\dotnet\;C:\xampp\php;C:\ProgramData\ComposerSetup\bin;C:\Program Files\MySQL\MySQL Server 8.0\bin;C:\Program Files\Cloudflare\Cloudflare WARP\;C:\Program Files (x86)\cloudflared\;C:\Users\offic\AppData\Local\Pub\Cache\bin;C:\Users\offic\AppData\Local\Programs\Python\Python312\Scripts\;C:\Users\offic\AppData\Local\Programs\Python\Python312\;C:\laragons\bin;C:\laragons\bin\apache\httpd-2.4.54-win64-VS16\bin;C:\laragons\bin\composer;C:\laragons\bin\git\bin;C:\laragons\bin\git\cmd;C:\laragons\bin\git\mingw64\bin;C:\laragons\bin\git\usr\bin;C:\laragons\bin\laragon\utils;C:\laragons\bin\mysql\mysql-8.0.30-winx64\bin;C:\laragons\bin\nginx\nginx-1.22.0;C:\laragons\bin\ngrok;C:\laragons\bin\nodejs\node-v18;C:\laragons\bin\notepad++;C:\laragons\bin\php\php-8.3.29-nts-Win32-vs16-x64;C:\laragons\bin\python\python-3.10;C:\laragons\bin\python\python-3.10\Scripts;C:\laragons\bin\redis\redis-x64-5.0.14.1;C:\laragons\bin\telnet;C:\laragons\usr\bin;C:\Users\offic\AppData\Local\Yarn\config\global\node_modules\.bin;C:\Users\offic\AppData\Local\Pub\Cache\bin;C:\Users\offic\AppData\Roaming\Composer\vendor\bin;C:\Users\offic\AppData\Roaming\npm;C:\Users\offic\AppData\Local\Programs\Python\Launcher\;C:\Users\offic\AppData\Local\Microsoft\WindowsApps;C:\Users\offic\AppData\Local\Programs\Microsoft VS Code\bin;C:\flutter\bin;C:\Users\offic\AppData\Local\Programs\cursor\resources\app\bin;C:\Program Files\Cloudflare\cloudflared;C:\Users\offic\AppData\Local\Programs\Antigravity IDE\bin
USERNAME=offic
OS=Windows_NT
PROCESSOR_IDENTIFIER=AMD64 Family 25 Model 80 Stepping 0, AuthenticAMD
TMP=C:\Users\offic\AppData\Local\Temp
TEMP=C:\Users\offic\AppData\Local\Temp




Periodic native trim disabled

---------------  S Y S T E M  ---------------

OS:
 Windows 11 , 64 bit Build 26100 (10.0.26100.8521)
OS uptime: 4 days 11:07 hours

CPU: total 12 (initial active 12) (12 cores per cpu, 2 threads per core) family 25 model 80 stepping 0 microcode 0xa50000d, cx8, cmov, fxsr, ht, mmx, 3dnowpref, sse, sse2, sse3, ssse3, sse4a, sse4.1, sse4.2, popcnt, lzcnt, tsc, tscinvbit, avx, avx2, aes, erms, clmul, bmi1, bmi2, adx, sha, fma, vzeroupper, clflush, clflushopt, rdtscp, rdpid, fsrm, f16c, pku, cet_ss
Processor Information for the first 12 processors :
  Max Mhz: 3301, Current Mhz: 3301, Mhz Limit: 3301

Memory: 4k page, system-wide physical 15773M (1430M free)
TotalPageFile size 31392M (AvailPageFile size 3M)
current process WorkingSet (physical memory assigned to process): 514M, peak: 514M
current process commit charge ("private bytes"): 555M, peak: 556M

vm_info: OpenJDK 64-Bit Server VM (21.0.10+7-LTS) for windows-amd64 JRE (21.0.10+7-LTS), built on 2026-01-20T00:00:00Z by "admin" with MS VC++ 17.12 (VS2022)

END.
